root@eltex-practice2-pg2-v1-09:47> touch practice2_${MYUSER}_part2.log

#1. Найдите все записи из лога загрузки, доступного через команду journalctl с опцией -b в первые
# 20 секунд с момента загрузки, начало загрузки определить автоматически.

#!/bin/bash                                                                                                                                                               
SINCE="$(date -d "$(journalctl -b -o short-iso | head -n 1 | awk '{print $1}')" "+%Y-%m-%d %H:%M:%S")"
UNTIL="$(date -d "$SINCE 20 seconds " "+%Y-%m-%d %H:%M:%S")"
echo $SINCE --- $UNTIL
journalctl -b --since "$SINCE" --until "$UNTIL"

# Вывод
2026-03-12 08:28:12 --- 2026-03-12 08:28:32
Mar 12 08:28:12 localhost kernel: Linux version 6.8.0-55-generic (buildd@lcy02-amd64-095) (x86_64-linux-gnu-gcc-13 (Ubuntu 13.3.0-6ubuntu2~24.04) 13.3.0, GNU ld (GNU Binutils for Ubuntu) 2.42) #57-Ubuntu SMP PREEMPT_DYNAMIC Wed Feb 12 23:42:21 UTC 2025 (Ubuntu 6.8.0-55.57-generic 6.8.12)
Mar 12 08:28:12 localhost kernel: Command line: BOOT_IMAGE=/vmlinuz-6.8.0-55-generic root=/dev/mapper/ubuntu--vg-ubuntu--lv ro
Mar 12 08:28:12 localhost kernel: KERNEL supported cpus:
Mar 12 08:28:12 localhost kernel:   Intel GenuineIntel
Mar 12 08:28:12 localhost kernel:   AMD AuthenticAMD
Mar 12 08:28:12 localhost kernel:   Hygon HygonGenuine
Mar 12 08:28:12 localhost kernel:   Centaur CentaurHauls
Mar 12 08:28:12 localhost kernel:   zhaoxin   Shanghai  
Mar 12 08:28:12 localhost kernel: BIOS-provided physical RAM map:
Mar 12 08:28:12 localhost kernel: BIOS-e820: [mem 0x0000000000000000-0x000000000009fbff] usable
Mar 12 08:28:12 localhost kernel: BIOS-e820: [mem 0x000000000009fc00-0x000000000009ffff] reserved
Mar 12 08:28:12 localhost kernel: BIOS-e820: [mem 0x00000000000f0000-0x00000000000fffff] reserved
Mar 12 08:28:12 localhost kernel: BIOS-e820: [mem 0x0000000000100000-0x00000000bffd9fff] usable
Mar 12 08:28:12 localhost kernel: BIOS-e820: [mem 0x00000000bffda000-0x00000000bfffffff] reserved
Mar 12 08:28:12 localhost kernel: BIOS-e820: [mem 0x00000000feffc000-0x00000000feffffff] reserved
Mar 12 08:28:12 localhost kernel: BIOS-e820: [mem 0x00000000fffc0000-0x00000000ffffffff] reserved
Mar 12 08:28:12 localhost kernel: BIOS-e820: [mem 0x0000000100000000-0x000000013fffffff] usable
Mar 12 08:28:12 localhost kernel: BIOS-e820: [mem 0x000000fd00000000-0x000000ffffffffff] reserved
Mar 12 08:28:12 localhost kernel: NX (Execute Disable) protection: active
Mar 12 08:28:12 localhost kernel: APIC: Static calls initialized
Mar 12 08:28:12 localhost kernel: SMBIOS 2.8 present.
Mar 12 08:28:12 localhost kernel: DMI: QEMU Standard PC (i440FX + PIIX, 1996), BIOS rel-1.17.0-0-gb52ca86e094d-prebuilt.qemu.org 04/01/2014
Mar 12 08:28:12 localhost kernel: Hypervisor detected: KVM
Mar 12 08:28:12 localhost kernel: kvm-clock: Using msrs 4b564d01 and 4b564d00
Mar 12 08:28:12 localhost kernel: kvm-clock: using sched offset of 1136538519285 cycles
Mar 12 08:28:12 localhost kernel: clocksource: kvm-clock: mask: 0xffffffffffffffff max_cycles: 0x1cd42e4dffb, max_idle_ns: 881590591483 ns
Mar 12 08:28:12 localhost kernel: tsc: Detected 3400.000 MHz processor
Mar 12 08:28:12 localhost kernel: e820: update [mem 0x00000000-0x00000fff] usable ==> reserved
Mar 12 08:28:12 localhost kernel: e820: remove [mem 0x000a0000-0x000fffff] usable
Mar 12 08:28:12 localhost kernel: AGP: No AGP bridge found
Mar 12 08:28:12 localhost kernel: last_pfn = 0x140000 max_arch_pfn = 0x400000000
Mar 12 08:28:12 localhost kernel: MTRR map: 4 entries (3 fixed + 1 variable; max 19), built from 8 variable MTRRs
Mar 12 08:28:12 localhost kernel: x86/PAT: Configuration [0-7]: WB  WC  UC- UC  WB  WP  UC- WT  
Mar 12 08:28:12 localhost kernel: last_pfn = 0xbffda max_arch_pfn = 0x400000000
Mar 12 08:28:12 localhost kernel: found SMP MP-table at [mem 0x000f5490-0x000f549f]
Mar 12 08:28:12 localhost kernel: RAMDISK: [mem 0x2fccd000-0x33e5dfff]
Mar 12 08:28:12 localhost kernel: ACPI: Early table checksum verification disabled
Mar 12 08:28:12 localhost kernel: ACPI: RSDP 0x00000000000F5290 000014 (v00 BOCHS )
Mar 12 08:28:12 localhost kernel: ACPI: RSDT 0x00000000BFFE3B5F 000034 (v01 BOCHS  BXPC     00000001 BXPC 00000001)
Mar 12 08:28:12 localhost kernel: ACPI: FACP 0x00000000BFFE3979 000074 (v01 BOCHS  BXPC     00000001 BXPC 00000001)
Mar 12 08:28:12 localhost kernel: ACPI: DSDT 0x00000000BFFDF040 004939 (v01 BOCHS  BXPC     00000001 BXPC 00000001)
Mar 12 08:28:12 localhost kernel: ACPI: FACS 0x00000000BFFDF000 000040
Mar 12 08:28:12 localhost kernel: ACPI: APIC 0x00000000BFFE39ED 000080 (v03 BOCHS  BXPC     00000001 BXPC 00000001)
Mar 12 08:28:12 localhost kernel: ACPI: SSDT 0x00000000BFFE3A6D 0000CA (v01 BOCHS  VMGENID  00000001 BXPC 00000001)
Mar 12 08:28:12 localhost kernel: ACPI: WAET 0x00000000BFFE3B37 000028 (v01 BOCHS  BXPC     00000001 BXPC 00000001)
Mar 12 08:28:12 localhost kernel: ACPI: Reserving FACP table memory at [mem 0xbffe3979-0xbffe39ec]
Mar 12 08:28:12 localhost kernel: ACPI: Reserving DSDT table memory at [mem 0xbffdf040-0xbffe3978]
Mar 12 08:28:12 localhost kernel: ACPI: Reserving FACS table memory at [mem 0xbffdf000-0xbffdf03f]
Mar 12 08:28:12 localhost kernel: ACPI: Reserving APIC table memory at [mem 0xbffe39ed-0xbffe3a6c]
Mar 12 08:28:12 localhost kernel: ACPI: Reserving SSDT table memory at [mem 0xbffe3a6d-0xbffe3b36]
Mar 12 08:28:12 localhost kernel: ACPI: Reserving WAET table memory at [mem 0xbffe3b37-0xbffe3b5e]
Mar 12 08:28:12 localhost kernel: No NUMA configuration found
Mar 12 08:28:12 localhost kernel: Faking a node at [mem 0x0000000000000000-0x000000013fffffff]
Mar 12 08:28:12 localhost kernel: NODE_DATA(0) allocated [mem 0x13ffd2000-0x13fffcfff]
Mar 12 08:28:12 localhost kernel: Zone ranges:
Mar 12 08:28:12 localhost kernel:   DMA      [mem 0x0000000000001000-0x0000000000ffffff]
Mar 12 08:28:12 localhost kernel:   DMA32    [mem 0x0000000001000000-0x00000000ffffffff]
Mar 12 08:28:12 localhost kernel:   Normal   [mem 0x0000000100000000-0x000000013fffffff]
Mar 12 08:28:12 localhost kernel:   Device   empty
Mar 12 08:28:12 localhost kernel: Movable zone start for each node
Mar 12 08:28:12 localhost kernel: Early memory node ranges
Mar 12 08:28:12 localhost kernel:   node   0: [mem 0x0000000000001000-0x000000000009efff]
Mar 12 08:28:12 localhost kernel:   node   0: [mem 0x0000000000100000-0x00000000bffd9fff]
Mar 12 08:28:12 localhost kernel:   node   0: [mem 0x0000000100000000-0x000000013fffffff]
Mar 12 08:28:12 localhost kernel: Initmem setup node 0 [mem 0x0000000000001000-0x000000013fffffff]
Mar 12 08:28:12 localhost kernel: On node 0, zone DMA: 1 pages in unavailable ranges
Mar 12 08:28:12 localhost kernel: On node 0, zone DMA: 97 pages in unavailable ranges
Mar 12 08:28:12 localhost kernel: On node 0, zone Normal: 38 pages in unavailable ranges
Mar 12 08:28:12 localhost kernel: ACPI: PM-Timer IO Port: 0x608
Mar 12 08:28:12 localhost kernel: ACPI: LAPIC_NMI (acpi_id[0xff] dfl dfl lint[0x1])
Mar 12 08:28:12 localhost kernel: IOAPIC[0]: apic_id 0, version 17, address 0xfec00000, GSI 0-23
Mar 12 08:28:12 localhost kernel: ACPI: INT_SRC_OVR (bus 0 bus_irq 0 global_irq 2 dfl dfl)
Mar 12 08:28:12 localhost kernel: ACPI: INT_SRC_OVR (bus 0 bus_irq 5 global_irq 5 high level)
Mar 12 08:28:12 localhost kernel: ACPI: INT_SRC_OVR (bus 0 bus_irq 9 global_irq 9 high level)
Mar 12 08:28:12 localhost kernel: ACPI: INT_SRC_OVR (bus 0 bus_irq 10 global_irq 10 high level)
Mar 12 08:28:12 localhost kernel: ACPI: INT_SRC_OVR (bus 0 bus_irq 11 global_irq 11 high level)
Mar 12 08:28:12 localhost kernel: ACPI: Using ACPI (MADT) for SMP configuration information
Mar 12 08:28:12 localhost kernel: smpboot: Allowing 2 CPUs, 0 hotplug CPUs
Mar 12 08:28:12 localhost kernel: kvm-guest: APIC: eoi() replaced with kvm_guest_apic_eoi_write()
Mar 12 08:28:12 localhost kernel: PM: hibernation: Registered nosave memory: [mem 0x00000000-0x00000fff]
Mar 12 08:28:12 localhost kernel: PM: hibernation: Registered nosave memory: [mem 0x0009f000-0x0009ffff]
Mar 12 08:28:12 localhost kernel: PM: hibernation: Registered nosave memory: [mem 0x000a0000-0x000effff]
Mar 12 08:28:12 localhost kernel: PM: hibernation: Registered nosave memory: [mem 0x000f0000-0x000fffff]
Mar 12 08:28:12 localhost kernel: PM: hibernation: Registered nosave memory: [mem 0xbffda000-0xbfffffff]
Mar 12 08:28:12 localhost kernel: PM: hibernation: Registered nosave memory: [mem 0xc0000000-0xfeffbfff]
Mar 12 08:28:12 localhost kernel: PM: hibernation: Registered nosave memory: [mem 0xfeffc000-0xfeffffff]
Mar 12 08:28:12 localhost kernel: PM: hibernation: Registered nosave memory: [mem 0xff000000-0xfffbffff]
Mar 12 08:28:12 localhost kernel: PM: hibernation: Registered nosave memory: [mem 0xfffc0000-0xffffffff]
Mar 12 08:28:12 localhost kernel: [mem 0xc0000000-0xfeffbfff] available for PCI devices
Mar 12 08:28:12 localhost kernel: Booting paravirtualized kernel on KVM
Mar 12 08:28:12 localhost kernel: clocksource: refined-jiffies: mask: 0xffffffff max_cycles: 0xffffffff, max_idle_ns: 1910969940391419 ns
Mar 12 08:28:12 localhost kernel: setup_percpu: NR_CPUS:8192 nr_cpumask_bits:2 nr_cpu_ids:2 nr_node_ids:1
Mar 12 08:28:12 localhost kernel: percpu: Embedded 86 pages/cpu s229376 r8192 d114688 u1048576
Mar 12 08:28:12 localhost kernel: pcpu-alloc: s229376 r8192 d114688 u1048576 alloc=1*2097152
Mar 12 08:28:12 localhost kernel: pcpu-alloc: [0] 0 1 
Mar 12 08:28:12 localhost kernel: kvm-guest: PV spinlocks enabled
Mar 12 08:28:12 localhost kernel: PV qspinlock hash table entries: 256 (order: 0, 4096 bytes, linear)
Mar 12 08:28:12 localhost kernel: Kernel command line: BOOT_IMAGE=/vmlinuz-6.8.0-55-generic root=/dev/mapper/ubuntu--vg-ubuntu--lv ro
Mar 12 08:28:12 localhost kernel: Unknown kernel command line parameters "BOOT_IMAGE=/vmlinuz-6.8.0-55-generic", will be passed to user space.
Mar 12 08:28:12 localhost kernel: Dentry cache hash table entries: 524288 (order: 10, 4194304 bytes, linear)
Mar 12 08:28:12 localhost kernel: Inode-cache hash table entries: 262144 (order: 9, 2097152 bytes, linear)
Mar 12 08:28:12 localhost kernel: Fallback order for Node 0: 0 
Mar 12 08:28:12 localhost kernel: Built 1 zonelists, mobility grouping on.  Total pages: 1031898
Mar 12 08:28:12 localhost kernel: Policy zone: Normal
Mar 12 08:28:12 localhost kernel: mem auto-init: stack:all(zero), heap alloc:on, heap free:off
Mar 12 08:28:12 localhost kernel: AGP: Checking aperture...
Mar 12 08:28:12 localhost kernel: AGP: No AGP bridge found
Mar 12 08:28:12 localhost kernel: software IO TLB: area num 2.
Mar 12 08:28:12 localhost kernel: Memory: 3933488K/4193760K available (22528K kernel code, 4443K rwdata, 14344K rodata, 4988K init, 4716K bss, 260012K reserved, 0K cma-reserved)
Mar 12 08:28:12 localhost kernel: SLUB: HWalign=64, Order=0-3, MinObjects=0, CPUs=2, Nodes=1
Mar 12 08:28:12 localhost kernel: ftrace: allocating 58006 entries in 227 pages
Mar 12 08:28:12 localhost kernel: ftrace: allocated 227 pages with 5 groups
Mar 12 08:28:12 localhost kernel: Dynamic Preempt: voluntary
Mar 12 08:28:12 localhost kernel: rcu: Preemptible hierarchical RCU implementation.
Mar 12 08:28:12 localhost kernel: rcu:         RCU restricting CPUs from NR_CPUS=8192 to nr_cpu_ids=2.
Mar 12 08:28:12 localhost kernel:         Trampoline variant of Tasks RCU enabled.
Mar 12 08:28:12 localhost kernel:         Rude variant of Tasks RCU enabled.
Mar 12 08:28:12 localhost kernel:         Tracing variant of Tasks RCU enabled.
Mar 12 08:28:12 localhost kernel: rcu: RCU calculated value of scheduler-enlistment delay is 100 jiffies.
Mar 12 08:28:12 localhost kernel: rcu: Adjusting geometry for rcu_fanout_leaf=16, nr_cpu_ids=2
Mar 12 08:28:12 localhost kernel: NR_IRQS: 524544, nr_irqs: 440, preallocated irqs: 16
Mar 12 08:28:12 localhost kernel: rcu: srcu_init: Setting srcu_struct sizes based on contention.
Mar 12 08:28:12 localhost kernel: Console: colour dummy device 80x25
Mar 12 08:28:12 localhost kernel: printk: legacy console [tty0] enabled
Mar 12 08:28:12 localhost kernel: ACPI: Core revision 20230628
Mar 12 08:28:12 localhost kernel: APIC: Switch to symmetric I/O mode setup
Mar 12 08:28:12 localhost kernel: x2apic enabled
Mar 12 08:28:12 localhost kernel: APIC: Switched APIC routing to: physical x2apic
Mar 12 08:28:12 localhost kernel: ..TIMER: vector=0x30 apic1=0 pin1=2 apic2=-1 pin2=-1
Mar 12 08:28:12 localhost kernel: tsc: Marking TSC unstable due to TSCs unsynchronized
Mar 12 08:28:12 localhost kernel: Calibrating delay loop (skipped) preset value.. 6800.00 BogoMIPS (lpj=3400000)
Mar 12 08:28:12 localhost kernel: process: using AMD E400 aware idle routine
Mar 12 08:28:12 localhost kernel: Last level iTLB entries: 4KB 512, 2MB 255, 4MB 127
Mar 12 08:28:12 localhost kernel: Last level dTLB entries: 4KB 512, 2MB 255, 4MB 127, 1GB 0
Mar 12 08:28:12 localhost kernel: Spectre V1 : Mitigation: usercopy/swapgs barriers and __user pointer sanitization
Mar 12 08:28:12 localhost kernel: Spectre V2 : Mitigation: Retpolines
Mar 12 08:28:12 localhost kernel: Spectre V2 : Spectre v2 / SpectreRSB mitigation: Filling RSB on context switch
Mar 12 08:28:12 localhost kernel: Spectre V2 : Spectre v2 / SpectreRSB : Filling RSB on VMEXIT
Mar 12 08:28:12 localhost kernel: x86/fpu: x87 FPU will use FXSAVE
Mar 12 08:28:12 localhost kernel: Freeing SMP alternatives memory: 48K
Mar 12 08:28:12 localhost kernel: pid_max: default: 32768 minimum: 301
Mar 12 08:28:12 localhost kernel: LSM: initializing lsm=lockdown,capability,landlock,yama,apparmor,integrity
Mar 12 08:28:12 localhost kernel: landlock: Up and running.
Mar 12 08:28:12 localhost kernel: Yama: becoming mindful.
Mar 12 08:28:12 localhost kernel: AppArmor: AppArmor initialized
Mar 12 08:28:12 localhost kernel: Mount-cache hash table entries: 8192 (order: 4, 65536 bytes, linear)
Mar 12 08:28:12 localhost kernel: Mountpoint-cache hash table entries: 8192 (order: 4, 65536 bytes, linear)
Mar 12 08:28:12 localhost kernel: smpboot: CPU0: AMD QEMU Virtual CPU version 2.5+ (family: 0xf, model: 0x6b, stepping: 0x1)
Mar 12 08:28:12 localhost kernel: RCU Tasks: Setting shift to 1 and lim to 1 rcu_task_cb_adjust=1 rcu_task_cpu_ids=2.
Mar 12 08:28:12 localhost kernel: RCU Tasks Rude: Setting shift to 1 and lim to 1 rcu_task_cb_adjust=1 rcu_task_cpu_ids=2.
Mar 12 08:28:12 localhost kernel: RCU Tasks Trace: Setting shift to 1 and lim to 1 rcu_task_cb_adjust=1 rcu_task_cpu_ids=2.
Mar 12 08:28:12 localhost kernel: Performance Events: AMD PMU driver.
Mar 12 08:28:12 localhost kernel: ... version:                0
Mar 12 08:28:12 localhost kernel: ... bit width:              48
Mar 12 08:28:12 localhost kernel: ... generic registers:      4
Mar 12 08:28:12 localhost kernel: ... value mask:             0000ffffffffffff
Mar 12 08:28:12 localhost kernel: ... max period:             00007fffffffffff
Mar 12 08:28:12 localhost kernel: ... fixed-purpose events:   0
Mar 12 08:28:12 localhost kernel: ... event mask:             000000000000000f
Mar 12 08:28:12 localhost kernel: signal: max sigframe size: 1440
Mar 12 08:28:12 localhost kernel: rcu: Hierarchical SRCU implementation.
Mar 12 08:28:12 localhost kernel: rcu:         Max phase no-delay instances is 400.
Mar 12 08:28:12 localhost kernel: smp: Bringing up secondary CPUs ...
Mar 12 08:28:12 localhost kernel: smpboot: x86: Booting SMP configuration:
Mar 12 08:28:12 localhost kernel: .... node  #0, CPUs:      #1
Mar 12 08:28:12 localhost kernel: smp: Brought up 1 node, 2 CPUs
Mar 12 08:28:12 localhost kernel: smpboot: Max logical packages: 1
Mar 12 08:28:12 localhost kernel: smpboot: Total of 2 processors activated (13600.00 BogoMIPS)
Mar 12 08:28:12 localhost kernel: devtmpfs: initialized
Mar 12 08:28:12 localhost kernel: x86/mm: Memory block size: 128MB
Mar 12 08:28:12 localhost kernel: clocksource: jiffies: mask: 0xffffffff max_cycles: 0xffffffff, max_idle_ns: 1911260446275000 ns
Mar 12 08:28:12 localhost kernel: futex hash table entries: 512 (order: 3, 32768 bytes, linear)
Mar 12 08:28:12 localhost kernel: pinctrl core: initialized pinctrl subsystem
Mar 12 08:28:12 localhost kernel: PM: RTC time: 08:28:03, date: 2026-03-12
Mar 12 08:28:12 localhost kernel: NET: Registered PF_NETLINK/PF_ROUTE protocol family
Mar 12 08:28:12 localhost kernel: DMA: preallocated 512 KiB GFP_KERNEL pool for atomic allocations
Mar 12 08:28:12 localhost kernel: DMA: preallocated 512 KiB GFP_KERNEL|GFP_DMA pool for atomic allocations
Mar 12 08:28:12 localhost kernel: DMA: preallocated 512 KiB GFP_KERNEL|GFP_DMA32 pool for atomic allocations
Mar 12 08:28:12 localhost kernel: audit: initializing netlink subsys (disabled)
Mar 12 08:28:12 localhost kernel: audit: type=2000 audit(1773304083.888:1): state=initialized audit_enabled=0 res=1
Mar 12 08:28:12 localhost kernel: thermal_sys: Registered thermal governor 'fair_share'
Mar 12 08:28:12 localhost kernel: thermal_sys: Registered thermal governor 'bang_bang'
Mar 12 08:28:12 localhost kernel: thermal_sys: Registered thermal governor 'step_wise'
Mar 12 08:28:12 localhost kernel: thermal_sys: Registered thermal governor 'user_space'
Mar 12 08:28:12 localhost kernel: thermal_sys: Registered thermal governor 'power_allocator'
Mar 12 08:28:12 localhost kernel: EISA bus registered
Mar 12 08:28:12 localhost kernel: cpuidle: using governor ladder
Mar 12 08:28:12 localhost kernel: cpuidle: using governor menu
Mar 12 08:28:12 localhost kernel: acpiphp: ACPI Hot Plug PCI Controller Driver version: 0.5
Mar 12 08:28:12 localhost kernel: PCI: Using configuration type 1 for base access
Mar 12 08:28:12 localhost kernel: kprobes: kprobe jump-optimization is enabled. All kprobes are optimized if possible.
Mar 12 08:28:12 localhost kernel: HugeTLB: registered 2.00 MiB page size, pre-allocated 0 pages
Mar 12 08:28:12 localhost kernel: HugeTLB: 28 KiB vmemmap can be freed for a 2.00 MiB page
Mar 12 08:28:12 localhost kernel: fbcon: Taking over console
Mar 12 08:28:12 localhost kernel: ACPI: Added _OSI(Module Device)
Mar 12 08:28:12 localhost kernel: ACPI: Added _OSI(Processor Device)
Mar 12 08:28:12 localhost kernel: ACPI: Added _OSI(3.0 _SCP Extensions)
Mar 12 08:28:12 localhost kernel: ACPI: Added _OSI(Processor Aggregator Device)
Mar 12 08:28:12 localhost kernel: ACPI: 2 ACPI AML tables successfully acquired and loaded
Mar 12 08:28:12 localhost kernel: ACPI: _OSC evaluation for CPUs failed, trying _PDC
Mar 12 08:28:12 localhost kernel: ACPI: Interpreter enabled
Mar 12 08:28:12 localhost kernel: ACPI: PM: (supports S0 S5)
Mar 12 08:28:12 localhost kernel: ACPI: Using IOAPIC for interrupt routing
Mar 12 08:28:12 localhost kernel: PCI: Using host bridge windows from ACPI; if necessary, use "pci=nocrs" and report a bug
Mar 12 08:28:12 localhost kernel: PCI: Using E820 reservations for host bridge windows
Mar 12 08:28:12 localhost kernel: ACPI: Enabled 3 GPEs in block 00 to 0F
Mar 12 08:28:12 localhost kernel: ACPI: PCI Root Bridge [PCI0] (domain 0000 [bus 00-ff])
Mar 12 08:28:12 localhost kernel: acpi PNP0A03:00: _OSC: OS supports [ASPM ClockPM Segments MSI EDR HPX-Type3]
Mar 12 08:28:12 localhost kernel: acpi PNP0A03:00: _OSC: not requesting OS control; OS requires [ExtendedConfig ASPM ClockPM MSI]
Mar 12 08:28:12 localhost kernel: acpi PNP0A03:00: fail to add MMCONFIG information, can't access extended configuration space under this bridge
Mar 12 08:28:12 localhost kernel: acpiphp: Slot [3] registered
Mar 12 08:28:12 localhost kernel: acpiphp: Slot [8] registered
Mar 12 08:28:12 localhost kernel: acpiphp: Slot [18] registered
Mar 12 08:28:12 localhost kernel: acpiphp: Slot [4] registered
Mar 12 08:28:12 localhost kernel: acpiphp: Slot [6] registered
Mar 12 08:28:12 localhost kernel: acpiphp: Slot [7] registered
Mar 12 08:28:12 localhost kernel: acpiphp: Slot [9] registered
Mar 12 08:28:12 localhost kernel: acpiphp: Slot [10] registered
Mar 12 08:28:12 localhost kernel: acpiphp: Slot [11] registered
Mar 12 08:28:12 localhost kernel: acpiphp: Slot [12] registered
Mar 12 08:28:12 localhost kernel: acpiphp: Slot [13] registered
Mar 12 08:28:12 localhost kernel: acpiphp: Slot [14] registered
Mar 12 08:28:12 localhost kernel: acpiphp: Slot [15] registered
Mar 12 08:28:12 localhost kernel: acpiphp: Slot [16] registered
Mar 12 08:28:12 localhost kernel: acpiphp: Slot [17] registered
Mar 12 08:28:12 localhost kernel: acpiphp: Slot [19] registered
Mar 12 08:28:12 localhost kernel: acpiphp: Slot [20] registered
Mar 12 08:28:12 localhost kernel: acpiphp: Slot [21] registered
Mar 12 08:28:12 localhost kernel: acpiphp: Slot [22] registered
Mar 12 08:28:12 localhost kernel: acpiphp: Slot [23] registered
Mar 12 08:28:12 localhost kernel: acpiphp: Slot [24] registered
Mar 12 08:28:12 localhost kernel: acpiphp: Slot [25] registered
Mar 12 08:28:12 localhost kernel: acpiphp: Slot [26] registered
Mar 12 08:28:12 localhost kernel: acpiphp: Slot [27] registered
Mar 12 08:28:12 localhost kernel: acpiphp: Slot [28] registered
Mar 12 08:28:12 localhost kernel: acpiphp: Slot [29] registered
Mar 12 08:28:12 localhost kernel: PCI host bridge to bus 0000:00
Mar 12 08:28:12 localhost kernel: pci_bus 0000:00: root bus resource [io  0x0000-0x0cf7 window]
Mar 12 08:28:12 localhost kernel: pci_bus 0000:00: root bus resource [io  0x0d00-0xffff window]
Mar 12 08:28:12 localhost kernel: pci_bus 0000:00: root bus resource [mem 0x000a0000-0x000bffff window]
Mar 12 08:28:12 localhost kernel: pci_bus 0000:00: root bus resource [mem 0xc0000000-0xfebfffff window]
Mar 12 08:28:12 localhost kernel: pci_bus 0000:00: root bus resource [mem 0xc000000000-0xc0a000bfff window]
Mar 12 08:28:12 localhost kernel: pci_bus 0000:00: root bus resource [bus 00-ff]
Mar 12 08:28:12 localhost kernel: pci 0000:00:00.0: [8086:1237] type 00 class 0x060000 conventional PCI endpoint
Mar 12 08:28:12 localhost kernel: pci 0000:00:01.0: [8086:7000] type 00 class 0x060100 conventional PCI endpoint
Mar 12 08:28:12 localhost kernel: pci 0000:00:01.1: [8086:7010] type 00 class 0x010180 conventional PCI endpoint
Mar 12 08:28:12 localhost kernel: pci 0000:00:01.1: BAR 4 [io  0xf0e0-0xf0ef]
Mar 12 08:28:12 localhost kernel: pci 0000:00:01.1: BAR 0 [io  0x01f0-0x01f7]: legacy IDE quirk
Mar 12 08:28:12 localhost kernel: pci 0000:00:01.1: BAR 1 [io  0x03f6]: legacy IDE quirk
Mar 12 08:28:12 localhost kernel: pci 0000:00:01.1: BAR 2 [io  0x0170-0x0177]: legacy IDE quirk
Mar 12 08:28:12 localhost kernel: pci 0000:00:01.1: BAR 3 [io  0x0376]: legacy IDE quirk
Mar 12 08:28:12 localhost kernel: pci 0000:00:01.2: [8086:7020] type 00 class 0x0c0300 conventional PCI endpoint
Mar 12 08:28:12 localhost kernel: pci 0000:00:01.2: BAR 4 [io  0xf0c0-0xf0df]
Mar 12 08:28:12 localhost kernel: pci 0000:00:01.3: [8086:7113] type 00 class 0x068000 conventional PCI endpoint
Mar 12 08:28:12 localhost kernel: pci 0000:00:01.3: quirk: [io  0x0600-0x063f] claimed by PIIX4 ACPI
Mar 12 08:28:12 localhost kernel: pci 0000:00:01.3: quirk: [io  0x0700-0x070f] claimed by PIIX4 SMB
Mar 12 08:28:12 localhost kernel: pci 0000:00:02.0: [1234:1111] type 00 class 0x030000 conventional PCI endpoint
Mar 12 08:28:12 localhost kernel: pci 0000:00:02.0: BAR 0 [mem 0xfd000000-0xfdffffff pref]
Mar 12 08:28:12 localhost kernel: pci 0000:00:02.0: BAR 2 [mem 0xfea50000-0xfea50fff]
Mar 12 08:28:12 localhost kernel: pci 0000:00:02.0: ROM [mem 0xfea40000-0xfea4ffff pref]
Mar 12 08:28:12 localhost kernel: pci 0000:00:02.0: Video device with shadowed ROM at [mem 0x000c0000-0x000dffff]
Mar 12 08:28:12 localhost kernel: pci 0000:00:03.0: [1af4:1002] type 00 class 0x00ff00 conventional PCI endpoint
Mar 12 08:28:12 localhost kernel: pci 0000:00:03.0: BAR 0 [io  0xf000-0xf03f]
Mar 12 08:28:12 localhost kernel: pci 0000:00:03.0: BAR 1 [mem 0xfea51000-0xfea51fff]
Mar 12 08:28:12 localhost kernel: pci 0000:00:03.0: BAR 4 [mem 0xc0a0000000-0xc0a0003fff 64bit pref]
Mar 12 08:28:12 localhost kernel: pci 0000:00:05.0: [1b36:0001] type 01 class 0x060400 conventional PCI bridge
Mar 12 08:28:12 localhost kernel: pci 0000:00:05.0: BAR 0 [mem 0xc000000000-0xc0000000ff 64bit]
Mar 12 08:28:12 localhost kernel: pci 0000:00:05.0: PCI bridge to [bus 01]
Mar 12 08:28:12 localhost kernel: pci 0000:00:05.0:   bridge window [io  0xe000-0xefff]
Mar 12 08:28:12 localhost kernel: pci 0000:00:05.0:   bridge window [mem 0xfe800000-0xfe9fffff]
Mar 12 08:28:12 localhost kernel: pci 0000:00:05.0:   bridge window [mem 0xc080000000-0xc09fffffff 64bit pref]
Mar 12 08:28:12 localhost kernel: pci 0000:00:08.0: [1af4:1003] type 00 class 0x078000 conventional PCI endpoint
Mar 12 08:28:12 localhost kernel: pci 0000:00:08.0: BAR 0 [io  0xf040-0xf07f]
Mar 12 08:28:12 localhost kernel: pci 0000:00:08.0: BAR 1 [mem 0xfea52000-0xfea52fff]
Mar 12 08:28:12 localhost kernel: pci 0000:00:08.0: BAR 4 [mem 0xc0a0004000-0xc0a0007fff 64bit pref]
Mar 12 08:28:12 localhost kernel: pci 0000:00:12.0: [1af4:1000] type 00 class 0x020000 conventional PCI endpoint
Mar 12 08:28:12 localhost kernel: pci 0000:00:12.0: BAR 0 [io  0xf080-0xf0bf]
Mar 12 08:28:12 localhost kernel: pci 0000:00:12.0: BAR 1 [mem 0xfea53000-0xfea53fff]
Mar 12 08:28:12 localhost kernel: pci 0000:00:12.0: BAR 4 [mem 0xc0a0008000-0xc0a000bfff 64bit pref]
Mar 12 08:28:12 localhost kernel: pci 0000:00:12.0: ROM [mem 0xfea00000-0xfea3ffff pref]
Mar 12 08:28:12 localhost kernel: pci 0000:00:1e.0: [1b36:0001] type 01 class 0x060400 conventional PCI bridge
Mar 12 08:28:12 localhost kernel: pci 0000:00:1e.0: BAR 0 [mem 0xc000001000-0xc0000010ff 64bit]
Mar 12 08:28:12 localhost kernel: pci 0000:00:1e.0: PCI bridge to [bus 02]
Mar 12 08:28:12 localhost kernel: pci 0000:00:1e.0:   bridge window [io  0xd000-0xdfff]
Mar 12 08:28:12 localhost kernel: pci 0000:00:1e.0:   bridge window [mem 0xfe600000-0xfe7fffff]
Mar 12 08:28:12 localhost kernel: pci 0000:00:1e.0:   bridge window [mem 0xc060000000-0xc07fffffff 64bit pref]
Mar 12 08:28:12 localhost kernel: pci 0000:00:1f.0: [1b36:0001] type 01 class 0x060400 conventional PCI bridge
Mar 12 08:28:12 localhost kernel: pci 0000:00:1f.0: BAR 0 [mem 0xc000002000-0xc0000020ff 64bit]
Mar 12 08:28:12 localhost kernel: pci 0000:00:1f.0: PCI bridge to [bus 03]
Mar 12 08:28:12 localhost kernel: pci 0000:00:1f.0:   bridge window [io  0xc000-0xcfff]
Mar 12 08:28:12 localhost kernel: pci 0000:00:1f.0:   bridge window [mem 0xfe400000-0xfe5fffff]
Mar 12 08:28:12 localhost kernel: pci 0000:00:1f.0:   bridge window [mem 0xc040000000-0xc05fffffff 64bit pref]
Mar 12 08:28:12 localhost kernel: pci_bus 0000:01: extended config space not accessible
Mar 12 08:28:12 localhost kernel: acpiphp: Slot [1-2] registered
Mar 12 08:28:12 localhost kernel: acpiphp: Slot [0] registered
Mar 12 08:28:12 localhost kernel: acpiphp: Slot [2] registered
Mar 12 08:28:12 localhost kernel: acpiphp: Slot [3-2] registered
Mar 12 08:28:12 localhost kernel: acpiphp: Slot [4-2] registered
Mar 12 08:28:12 localhost kernel: acpiphp: Slot [5] registered
Mar 12 08:28:12 localhost kernel: acpiphp: Slot [6-2] registered
Mar 12 08:28:12 localhost kernel: acpiphp: Slot [7-2] registered
Mar 12 08:28:12 localhost kernel: acpiphp: Slot [8-2] registered
Mar 12 08:28:12 localhost kernel: acpiphp: Slot [9-2] registered
Mar 12 08:28:12 localhost kernel: acpiphp: Slot [10-2] registered
Mar 12 08:28:12 localhost kernel: acpiphp: Slot [11-2] registered
Mar 12 08:28:12 localhost kernel: acpiphp: Slot [12-2] registered
Mar 12 08:28:12 localhost kernel: acpiphp: Slot [13-2] registered
Mar 12 08:28:12 localhost kernel: acpiphp: Slot [14-2] registered
Mar 12 08:28:12 localhost kernel: acpiphp: Slot [15-2] registered
Mar 12 08:28:12 localhost kernel: acpiphp: Slot [16-2] registered
Mar 12 08:28:12 localhost kernel: acpiphp: Slot [17-2] registered
Mar 12 08:28:12 localhost kernel: acpiphp: Slot [18-2] registered
Mar 12 08:28:12 localhost kernel: acpiphp: Slot [19-2] registered
Mar 12 08:28:12 localhost kernel: acpiphp: Slot [20-2] registered
Mar 12 08:28:12 localhost kernel: acpiphp: Slot [21-2] registered
Mar 12 08:28:12 localhost kernel: acpiphp: Slot [22-2] registered
Mar 12 08:28:12 localhost kernel: acpiphp: Slot [23-2] registered
Mar 12 08:28:12 localhost kernel: acpiphp: Slot [24-2] registered
Mar 12 08:28:12 localhost kernel: acpiphp: Slot [25-2] registered
Mar 12 08:28:12 localhost kernel: acpiphp: Slot [26-2] registered
Mar 12 08:28:12 localhost kernel: acpiphp: Slot [27-2] registered
Mar 12 08:28:12 localhost kernel: acpiphp: Slot [28-2] registered
Mar 12 08:28:12 localhost kernel: acpiphp: Slot [29-2] registered
Mar 12 08:28:12 localhost kernel: acpiphp: Slot [30] registered
Mar 12 08:28:12 localhost kernel: acpiphp: Slot [31] registered
Mar 12 08:28:12 localhost kernel: pci 0000:01:01.0: [1af4:1004] type 00 class 0x010000 conventional PCI endpoint
Mar 12 08:28:12 localhost kernel: pci 0000:01:01.0: BAR 0 [io  0xe000-0xe03f]
Mar 12 08:28:12 localhost kernel: pci 0000:01:01.0: BAR 1 [mem 0xfe800000-0xfe800fff]
Mar 12 08:28:12 localhost kernel: pci 0000:01:01.0: BAR 4 [mem 0xc080000000-0xc080003fff 64bit pref]
Mar 12 08:28:12 localhost kernel: pci 0000:00:05.0: PCI bridge to [bus 01]
Mar 12 08:28:12 localhost kernel: pci_bus 0000:02: extended config space not accessible
Mar 12 08:28:12 localhost kernel: acpiphp: Slot [0-2] registered
Mar 12 08:28:12 localhost kernel: acpiphp: Slot [1-3] registered
Mar 12 08:28:12 localhost kernel: acpiphp: Slot [2-2] registered
Mar 12 08:28:12 localhost kernel: acpiphp: Slot [3-3] registered
Mar 12 08:28:12 localhost kernel: acpiphp: Slot [4-3] registered
Mar 12 08:28:12 localhost kernel: acpiphp: Slot [5-2] registered
Mar 12 08:28:12 localhost kernel: acpiphp: Slot [6-3] registered
Mar 12 08:28:12 localhost kernel: acpiphp: Slot [7-3] registered
Mar 12 08:28:12 localhost kernel: acpiphp: Slot [8-3] registered
Mar 12 08:28:12 localhost kernel: acpiphp: Slot [9-3] registered
Mar 12 08:28:12 localhost kernel: acpiphp: Slot [10-3] registered
Mar 12 08:28:12 localhost kernel: acpiphp: Slot [11-3] registered
Mar 12 08:28:12 localhost kernel: acpiphp: Slot [12-3] registered
Mar 12 08:28:12 localhost kernel: acpiphp: Slot [13-3] registered
Mar 12 08:28:12 localhost kernel: acpiphp: Slot [14-3] registered
Mar 12 08:28:12 localhost kernel: acpiphp: Slot [15-3] registered
Mar 12 08:28:12 localhost kernel: acpiphp: Slot [16-3] registered
Mar 12 08:28:12 localhost kernel: acpiphp: Slot [17-3] registered
Mar 12 08:28:12 localhost kernel: acpiphp: Slot [18-3] registered
Mar 12 08:28:12 localhost kernel: acpiphp: Slot [19-3] registered
Mar 12 08:28:12 localhost kernel: acpiphp: Slot [20-3] registered
Mar 12 08:28:12 localhost kernel: acpiphp: Slot [21-3] registered
Mar 12 08:28:12 localhost kernel: acpiphp: Slot [22-3] registered
Mar 12 08:28:12 localhost kernel: acpiphp: Slot [23-3] registered
Mar 12 08:28:12 localhost kernel: acpiphp: Slot [24-3] registered
Mar 12 08:28:12 localhost kernel: acpiphp: Slot [25-3] registered
Mar 12 08:28:12 localhost kernel: acpiphp: Slot [26-3] registered
Mar 12 08:28:12 localhost kernel: acpiphp: Slot [27-3] registered
Mar 12 08:28:12 localhost kernel: acpiphp: Slot [28-3] registered
Mar 12 08:28:12 localhost kernel: acpiphp: Slot [29-3] registered
Mar 12 08:28:12 localhost kernel: acpiphp: Slot [30-2] registered
Mar 12 08:28:12 localhost kernel: acpiphp: Slot [31-2] registered
Mar 12 08:28:12 localhost kernel: pci 0000:00:1e.0: PCI bridge to [bus 02]
Mar 12 08:28:12 localhost kernel: pci_bus 0000:03: extended config space not accessible
Mar 12 08:28:12 localhost kernel: acpiphp: Slot [0-3] registered
Mar 12 08:28:12 localhost kernel: acpiphp: Slot [1-4] registered
Mar 12 08:28:12 localhost kernel: acpiphp: Slot [2-3] registered
Mar 12 08:28:12 localhost kernel: acpiphp: Slot [3-4] registered
Mar 12 08:28:12 localhost kernel: acpiphp: Slot [4-4] registered
Mar 12 08:28:12 localhost kernel: acpiphp: Slot [5-3] registered
Mar 12 08:28:12 localhost kernel: acpiphp: Slot [6-4] registered
Mar 12 08:28:12 localhost kernel: acpiphp: Slot [7-4] registered
Mar 12 08:28:12 localhost kernel: acpiphp: Slot [8-4] registered
Mar 12 08:28:12 localhost kernel: acpiphp: Slot [9-4] registered
Mar 12 08:28:12 localhost kernel: acpiphp: Slot [10-4] registered
Mar 12 08:28:12 localhost kernel: acpiphp: Slot [11-4] registered
Mar 12 08:28:12 localhost kernel: acpiphp: Slot [12-4] registered
Mar 12 08:28:12 localhost kernel: acpiphp: Slot [13-4] registered
Mar 12 08:28:12 localhost kernel: acpiphp: Slot [14-4] registered
Mar 12 08:28:12 localhost kernel: acpiphp: Slot [15-4] registered
Mar 12 08:28:12 localhost kernel: acpiphp: Slot [16-4] registered
Mar 12 08:28:12 localhost kernel: acpiphp: Slot [17-4] registered
Mar 12 08:28:12 localhost kernel: acpiphp: Slot [18-4] registered
Mar 12 08:28:12 localhost kernel: acpiphp: Slot [19-4] registered
Mar 12 08:28:12 localhost kernel: acpiphp: Slot [20-4] registered
Mar 12 08:28:12 localhost kernel: acpiphp: Slot [21-4] registered
Mar 12 08:28:12 localhost kernel: acpiphp: Slot [22-4] registered
Mar 12 08:28:12 localhost kernel: acpiphp: Slot [23-4] registered
Mar 12 08:28:12 localhost kernel: acpiphp: Slot [24-4] registered
Mar 12 08:28:12 localhost kernel: acpiphp: Slot [25-4] registered
Mar 12 08:28:12 localhost kernel: acpiphp: Slot [26-4] registered
Mar 12 08:28:12 localhost kernel: acpiphp: Slot [27-4] registered
Mar 12 08:28:12 localhost kernel: acpiphp: Slot [28-4] registered
Mar 12 08:28:12 localhost kernel: acpiphp: Slot [29-4] registered
Mar 12 08:28:12 localhost kernel: acpiphp: Slot [30-3] registered
Mar 12 08:28:12 localhost kernel: acpiphp: Slot [31-3] registered
Mar 12 08:28:12 localhost kernel: pci 0000:00:1f.0: PCI bridge to [bus 03]
Mar 12 08:28:12 localhost kernel: ACPI: PCI: Interrupt link LNKA configured for IRQ 10
Mar 12 08:28:12 localhost kernel: ACPI: PCI: Interrupt link LNKB configured for IRQ 10
Mar 12 08:28:12 localhost kernel: ACPI: PCI: Interrupt link LNKC configured for IRQ 11
Mar 12 08:28:12 localhost kernel: ACPI: PCI: Interrupt link LNKD configured for IRQ 11
Mar 12 08:28:12 localhost kernel: ACPI: PCI: Interrupt link LNKS configured for IRQ 9
Mar 12 08:28:12 localhost kernel: iommu: Default domain type: Translated
Mar 12 08:28:12 localhost kernel: iommu: DMA domain TLB invalidation policy: lazy mode
Mar 12 08:28:12 localhost kernel: SCSI subsystem initialized
Mar 12 08:28:12 localhost kernel: libata version 3.00 loaded.
Mar 12 08:28:12 localhost kernel: ACPI: bus type USB registered
Mar 12 08:28:12 localhost kernel: usbcore: registered new interface driver usbfs
Mar 12 08:28:12 localhost kernel: usbcore: registered new interface driver hub
Mar 12 08:28:12 localhost kernel: usbcore: registered new device driver usb
Mar 12 08:28:12 localhost kernel: pps_core: LinuxPPS API ver. 1 registered
Mar 12 08:28:12 localhost kernel: pps_core: Software ver. 5.3.6 - Copyright 2005-2007 Rodolfo Giometti <giometti@linux.it>
Mar 12 08:28:12 localhost kernel: PTP clock support registered
Mar 12 08:28:12 localhost kernel: EDAC MC: Ver: 3.0.0
Mar 12 08:28:12 localhost kernel: NetLabel: Initializing
Mar 12 08:28:12 localhost kernel: NetLabel:  domain hash size = 128
Mar 12 08:28:12 localhost kernel: NetLabel:  protocols = UNLABELED CIPSOv4 CALIPSO
Mar 12 08:28:12 localhost kernel: NetLabel:  unlabeled traffic allowed by default
Mar 12 08:28:12 localhost kernel: mctp: management component transport protocol core
Mar 12 08:28:12 localhost kernel: NET: Registered PF_MCTP protocol family
Mar 12 08:28:12 localhost kernel: PCI: Using ACPI for IRQ routing
Mar 12 08:28:12 localhost kernel: PCI: pci_cache_line_size set to 64 bytes
Mar 12 08:28:12 localhost kernel: e820: reserve RAM buffer [mem 0x0009fc00-0x0009ffff]
Mar 12 08:28:12 localhost kernel: e820: reserve RAM buffer [mem 0xbffda000-0xbfffffff]
Mar 12 08:28:12 localhost kernel: pci 0000:00:02.0: vgaarb: setting as boot VGA device
Mar 12 08:28:12 localhost kernel: pci 0000:00:02.0: vgaarb: bridge control possible
Mar 12 08:28:12 localhost kernel: pci 0000:00:02.0: vgaarb: VGA device added: decodes=io+mem,owns=io+mem,locks=none
Mar 12 08:28:12 localhost kernel: vgaarb: loaded
Mar 12 08:28:12 localhost kernel: clocksource: Switched to clocksource kvm-clock
Mar 12 08:28:12 localhost kernel: VFS: Disk quotas dquot_6.6.0
Mar 12 08:28:12 localhost kernel: VFS: Dquot-cache hash table entries: 512 (order 0, 4096 bytes)
Mar 12 08:28:12 localhost kernel: AppArmor: AppArmor Filesystem Enabled
Mar 12 08:28:12 localhost kernel: pnp: PnP ACPI init
Mar 12 08:28:12 localhost kernel: pnp 00:02: [dma 2]
Mar 12 08:28:12 localhost kernel: pnp: PnP ACPI: found 4 devices
Mar 12 08:28:12 localhost kernel: clocksource: acpi_pm: mask: 0xffffff max_cycles: 0xffffff, max_idle_ns: 2085701024 ns
Mar 12 08:28:12 localhost kernel: NET: Registered PF_INET protocol family
Mar 12 08:28:12 localhost kernel: IP idents hash table entries: 65536 (order: 7, 524288 bytes, linear)
Mar 12 08:28:12 localhost kernel: tcp_listen_portaddr_hash hash table entries: 2048 (order: 3, 32768 bytes, linear)
Mar 12 08:28:12 localhost kernel: Table-perturb hash table entries: 65536 (order: 6, 262144 bytes, linear)
Mar 12 08:28:12 localhost kernel: TCP established hash table entries: 32768 (order: 6, 262144 bytes, linear)
Mar 12 08:28:12 localhost kernel: TCP bind hash table entries: 32768 (order: 8, 1048576 bytes, linear)
Mar 12 08:28:12 localhost kernel: TCP: Hash tables configured (established 32768 bind 32768)
Mar 12 08:28:12 localhost kernel: MPTCP token hash table entries: 4096 (order: 4, 98304 bytes, linear)
Mar 12 08:28:12 localhost kernel: UDP hash table entries: 2048 (order: 4, 65536 bytes, linear)
Mar 12 08:28:12 localhost kernel: UDP-Lite hash table entries: 2048 (order: 4, 65536 bytes, linear)
Mar 12 08:28:12 localhost kernel: NET: Registered PF_UNIX/PF_LOCAL protocol family
Mar 12 08:28:12 localhost kernel: NET: Registered PF_XDP protocol family
Mar 12 08:28:12 localhost kernel: pci 0000:00:05.0: PCI bridge to [bus 01]
Mar 12 08:28:12 localhost kernel: pci 0000:00:05.0:   bridge window [io  0xe000-0xefff]
Mar 12 08:28:12 localhost kernel: pci 0000:00:05.0:   bridge window [mem 0xfe800000-0xfe9fffff]
Mar 12 08:28:12 localhost kernel: pci 0000:00:05.0:   bridge window [mem 0xc080000000-0xc09fffffff 64bit pref]
Mar 12 08:28:12 localhost kernel: pci 0000:00:1e.0: PCI bridge to [bus 02]
Mar 12 08:28:12 localhost kernel: pci 0000:00:1e.0:   bridge window [io  0xd000-0xdfff]
Mar 12 08:28:12 localhost kernel: pci 0000:00:1e.0:   bridge window [mem 0xfe600000-0xfe7fffff]
Mar 12 08:28:12 localhost kernel: pci 0000:00:1e.0:   bridge window [mem 0xc060000000-0xc07fffffff 64bit pref]
Mar 12 08:28:12 localhost kernel: pci 0000:00:1f.0: PCI bridge to [bus 03]
Mar 12 08:28:12 localhost kernel: pci 0000:00:1f.0:   bridge window [io  0xc000-0xcfff]
Mar 12 08:28:12 localhost kernel: pci 0000:00:1f.0:   bridge window [mem 0xfe400000-0xfe5fffff]
Mar 12 08:28:12 localhost kernel: pci 0000:00:1f.0:   bridge window [mem 0xc040000000-0xc05fffffff 64bit pref]
Mar 12 08:28:12 localhost kernel: pci_bus 0000:00: resource 4 [io  0x0000-0x0cf7 window]
Mar 12 08:28:12 localhost kernel: pci_bus 0000:00: resource 5 [io  0x0d00-0xffff window]
Mar 12 08:28:12 localhost kernel: pci_bus 0000:00: resource 6 [mem 0x000a0000-0x000bffff window]
Mar 12 08:28:12 localhost kernel: pci_bus 0000:00: resource 7 [mem 0xc0000000-0xfebfffff window]
Mar 12 08:28:12 localhost kernel: pci_bus 0000:00: resource 8 [mem 0xc000000000-0xc0a000bfff window]
Mar 12 08:28:12 localhost kernel: pci_bus 0000:01: resource 0 [io  0xe000-0xefff]
Mar 12 08:28:12 localhost kernel: pci_bus 0000:01: resource 1 [mem 0xfe800000-0xfe9fffff]
Mar 12 08:28:12 localhost kernel: pci_bus 0000:01: resource 2 [mem 0xc080000000-0xc09fffffff 64bit pref]
Mar 12 08:28:12 localhost kernel: pci_bus 0000:02: resource 0 [io  0xd000-0xdfff]
Mar 12 08:28:12 localhost kernel: pci_bus 0000:02: resource 1 [mem 0xfe600000-0xfe7fffff]
Mar 12 08:28:12 localhost kernel: pci_bus 0000:02: resource 2 [mem 0xc060000000-0xc07fffffff 64bit pref]
Mar 12 08:28:12 localhost kernel: pci_bus 0000:03: resource 0 [io  0xc000-0xcfff]
Mar 12 08:28:12 localhost kernel: pci_bus 0000:03: resource 1 [mem 0xfe400000-0xfe5fffff]
Mar 12 08:28:12 localhost kernel: pci_bus 0000:03: resource 2 [mem 0xc040000000-0xc05fffffff 64bit pref]
Mar 12 08:28:12 localhost kernel: pci 0000:00:01.0: PIIX3: Enabling Passive Release
Mar 12 08:28:12 localhost kernel: pci 0000:00:00.0: Limiting direct PCI/PCI transfers
Mar 12 08:28:12 localhost kernel: ACPI: \_SB_.LNKD: Enabled at IRQ 11
Mar 12 08:28:12 localhost kernel: PCI: CLS 0 bytes, default 64
Mar 12 08:28:12 localhost kernel: Trying to unpack rootfs image as initramfs...
Mar 12 08:28:12 localhost kernel: PCI-DMA: Using software bounce buffering for IO (SWIOTLB)
Mar 12 08:28:12 localhost kernel: software IO TLB: mapped [mem 0x00000000bbfda000-0x00000000bffda000] (64MB)
Mar 12 08:28:12 localhost kernel: Initialise system trusted keyrings
Mar 12 08:28:12 localhost kernel: Key type blacklist registered
Mar 12 08:28:12 localhost kernel: workingset: timestamp_bits=36 max_order=20 bucket_order=0
Mar 12 08:28:12 localhost kernel: zbud: loaded
Mar 12 08:28:12 localhost kernel: squashfs: version 4.0 (2009/01/31) Phillip Lougher
Mar 12 08:28:12 localhost kernel: fuse: init (API version 7.39)
Mar 12 08:28:12 localhost kernel: integrity: Platform Keyring initialized
Mar 12 08:28:12 localhost kernel: integrity: Machine keyring initialized
Mar 12 08:28:12 localhost kernel: Key type asymmetric registered
Mar 12 08:28:12 localhost kernel: Asymmetric key parser 'x509' registered
Mar 12 08:28:12 localhost kernel: Block layer SCSI generic (bsg) driver version 0.4 loaded (major 243)
Mar 12 08:28:12 localhost kernel: io scheduler mq-deadline registered
Mar 12 08:28:12 localhost kernel: shpchp 0000:00:05.0: Requesting control of SHPC hotplug via OSHP (\_SB_.PCI0.S28_)
Mar 12 08:28:12 localhost kernel: shpchp 0000:00:05.0: Requesting control of SHPC hotplug via OSHP (\_SB_.PCI0)
Mar 12 08:28:12 localhost kernel: shpchp 0000:00:05.0: Cannot get control of SHPC hotplug
Mar 12 08:28:12 localhost kernel: shpchp 0000:00:1e.0: Requesting control of SHPC hotplug via OSHP (\_SB_.PCI0.SF0_)
Mar 12 08:28:12 localhost kernel: shpchp 0000:00:1e.0: Requesting control of SHPC hotplug via OSHP (\_SB_.PCI0)
Mar 12 08:28:12 localhost kernel: shpchp 0000:00:1e.0: Cannot get control of SHPC hotplug
Mar 12 08:28:12 localhost kernel: shpchp 0000:00:1f.0: Requesting control of SHPC hotplug via OSHP (\_SB_.PCI0.SF8_)
Mar 12 08:28:12 localhost kernel: shpchp 0000:00:1f.0: Requesting control of SHPC hotplug via OSHP (\_SB_.PCI0)
Mar 12 08:28:12 localhost kernel: shpchp 0000:00:1f.0: Cannot get control of SHPC hotplug
Mar 12 08:28:12 localhost kernel: shpchp: Standard Hot Plug PCI Controller Driver version: 0.4
Mar 12 08:28:12 localhost kernel: input: Power Button as /devices/LNXSYSTM:00/LNXPWRBN:00/input/input0
Mar 12 08:28:12 localhost kernel: ACPI: button: Power Button [PWRF]
Mar 12 08:28:12 localhost kernel: ACPI: \_SB_.LNKC: Enabled at IRQ 10
Mar 12 08:28:12 localhost kernel: ACPI: \_SB_.LNKB: Enabled at IRQ 10
Mar 12 08:28:12 localhost kernel: ACPI: \_SB_.LNKA: Enabled at IRQ 11
Mar 12 08:28:12 localhost kernel: Free page reporting enabled
Mar 12 08:28:12 localhost kernel: Serial: 8250/16550 driver, 32 ports, IRQ sharing enabled
Mar 12 08:28:12 localhost kernel: Linux agpgart interface v0.103
Mar 12 08:28:12 localhost kernel: loop: module loaded
Mar 12 08:28:12 localhost kernel: virtio_scsi virtio3: 2/0/0 default/read/poll queues
Mar 12 08:28:12 localhost kernel: scsi host0: Virtio SCSI HBA
Mar 12 08:28:12 localhost kernel: scsi 0:0:0:0: Direct-Access     QEMU     QEMU HARDDISK    2.5+ PQ: 0 ANSI: 5
Mar 12 08:28:12 localhost kernel: ata_piix 0000:00:01.1: version 2.13
Mar 12 08:28:12 localhost kernel: scsi host1: ata_piix
Mar 12 08:28:12 localhost kernel: scsi host2: ata_piix
Mar 12 08:28:12 localhost kernel: ata1: PATA max MWDMA2 cmd 0x1f0 ctl 0x3f6 bmdma 0xf0e0 irq 14 lpm-pol 0
Mar 12 08:28:12 localhost kernel: ata2: PATA max MWDMA2 cmd 0x170 ctl 0x376 bmdma 0xf0e8 irq 15 lpm-pol 0
Mar 12 08:28:12 localhost kernel: ACPI: bus type drm_connector registered
Mar 12 08:28:12 localhost kernel: tun: Universal TUN/TAP device driver, 1.6
Mar 12 08:28:12 localhost kernel: PPP generic driver version 2.4.2
Mar 12 08:28:12 localhost kernel: uhci_hcd 0000:00:01.2: UHCI Host Controller
Mar 12 08:28:12 localhost kernel: uhci_hcd 0000:00:01.2: new USB bus registered, assigned bus number 1
Mar 12 08:28:12 localhost kernel: uhci_hcd 0000:00:01.2: detected 2 ports
Mar 12 08:28:12 localhost kernel: uhci_hcd 0000:00:01.2: irq 11, io port 0x0000f0c0
Mar 12 08:28:12 localhost kernel: usb usb1: New USB device found, idVendor=1d6b, idProduct=0001, bcdDevice= 6.08
Mar 12 08:28:12 localhost kernel: usb usb1: New USB device strings: Mfr=3, Product=2, SerialNumber=1
Mar 12 08:28:12 localhost kernel: usb usb1: Product: UHCI Host Controller
Mar 12 08:28:12 localhost kernel: usb usb1: Manufacturer: Linux 6.8.0-55-generic uhci_hcd
Mar 12 08:28:12 localhost kernel: usb usb1: SerialNumber: 0000:00:01.2
Mar 12 08:28:12 localhost kernel: hub 1-0:1.0: USB hub found
Mar 12 08:28:12 localhost kernel: hub 1-0:1.0: 2 ports detected
Mar 12 08:28:12 localhost kernel: i8042: PNP: PS/2 Controller [PNP0303:KBD,PNP0f13:MOU] at 0x60,0x64 irq 1,12
Mar 12 08:28:12 localhost kernel: serio: i8042 KBD port at 0x60,0x64 irq 1
Mar 12 08:28:12 localhost kernel: serio: i8042 AUX port at 0x60,0x64 irq 12
Mar 12 08:28:12 localhost kernel: mousedev: PS/2 mouse device common for all mice
Mar 12 08:28:12 localhost kernel: rtc_cmos 00:03: RTC can wake from S4
Mar 12 08:28:12 localhost kernel: rtc_cmos 00:03: registered as rtc0
Mar 12 08:28:12 localhost kernel: rtc_cmos 00:03: setting system clock to 2026-03-12T08:28:03 UTC (1773304083)
Mar 12 08:28:12 localhost kernel: rtc_cmos 00:03: alarms up to one day, y3k, 242 bytes nvram
Mar 12 08:28:12 localhost kernel: i2c_dev: i2c /dev entries driver
Mar 12 08:28:12 localhost kernel: device-mapper: core: CONFIG_IMA_DISABLE_HTABLE is disabled. Duplicate IMA measurements will not be recorded in the IMA log.
Mar 12 08:28:12 localhost kernel: device-mapper: uevent: version 1.0.3
Mar 12 08:28:12 localhost kernel: device-mapper: ioctl: 4.48.0-ioctl (2023-03-01) initialised: dm-devel@redhat.com
Mar 12 08:28:12 localhost kernel: platform eisa.0: Probing EISA bus 0
Mar 12 08:28:12 localhost kernel: platform eisa.0: EISA: Cannot allocate resource for mainboard
Mar 12 08:28:12 localhost kernel: platform eisa.0: Cannot allocate resource for EISA slot 1
Mar 12 08:28:12 localhost kernel: platform eisa.0: Cannot allocate resource for EISA slot 2
Mar 12 08:28:12 localhost kernel: platform eisa.0: Cannot allocate resource for EISA slot 3
Mar 12 08:28:12 localhost kernel: platform eisa.0: Cannot allocate resource for EISA slot 4
Mar 12 08:28:12 localhost kernel: platform eisa.0: Cannot allocate resource for EISA slot 5
Mar 12 08:28:12 localhost kernel: platform eisa.0: Cannot allocate resource for EISA slot 6
Mar 12 08:28:12 localhost kernel: platform eisa.0: Cannot allocate resource for EISA slot 7
Mar 12 08:28:12 localhost kernel: platform eisa.0: Cannot allocate resource for EISA slot 8
Mar 12 08:28:12 localhost kernel: platform eisa.0: EISA: Detected 0 cards
Mar 12 08:28:12 localhost kernel: amd_pstate: the _CPC object is not present in SBIOS or ACPI disabled
Mar 12 08:28:12 localhost kernel: input: AT Translated Set 2 keyboard as /devices/platform/i8042/serio0/input/input1
Mar 12 08:28:12 localhost kernel: ledtrig-cpu: registered to indicate activity on CPUs
Mar 12 08:28:12 localhost kernel: [drm] Initialized simpledrm 1.0.0 20200625 for simple-framebuffer.0 on minor 0
Mar 12 08:28:12 localhost kernel: Console: switching to colour frame buffer device 100x37
Mar 12 08:28:12 localhost kernel: simple-framebuffer simple-framebuffer.0: [drm] fb0: simpledrmdrmfb frame buffer device
Mar 12 08:28:12 localhost kernel: drop_monitor: Initializing network drop monitor service
Mar 12 08:28:12 localhost kernel: NET: Registered PF_INET6 protocol family
Mar 12 08:28:12 localhost kernel: sd 0:0:0:0: Power-on or device reset occurred
Mar 12 08:28:12 localhost kernel: sd 0:0:0:0: Attached scsi generic sg0 type 0
Mar 12 08:28:12 localhost kernel: sd 0:0:0:0: [sda] 67108864 512-byte logical blocks: (34.4 GB/32.0 GiB)
Mar 12 08:28:12 localhost kernel: sd 0:0:0:0: [sda] Write Protect is off
Mar 12 08:28:12 localhost kernel: sd 0:0:0:0: [sda] Mode Sense: 63 00 10 08
Mar 12 08:28:12 localhost kernel: sd 0:0:0:0: [sda] Write cache: enabled, read cache: enabled, supports DPO and FUA
Mar 12 08:28:12 localhost kernel: Freeing initrd memory: 67140K
Mar 12 08:28:12 localhost kernel:  sda: sda1 sda2 sda3
Mar 12 08:28:12 localhost kernel: sd 0:0:0:0: [sda] Attached SCSI disk
Mar 12 08:28:12 localhost kernel: Segment Routing with IPv6
Mar 12 08:28:12 localhost kernel: In-situ OAM (IOAM) with IPv6
Mar 12 08:28:12 localhost kernel: NET: Registered PF_PACKET protocol family
Mar 12 08:28:12 localhost kernel: Key type dns_resolver registered
Mar 12 08:28:12 localhost kernel: IPI shorthand broadcast: enabled
Mar 12 08:28:12 localhost kernel: ata2: found unknown device (class 0)
Mar 12 08:28:12 localhost kernel: sched_clock: Marking stable (1024012130, 2287940)->(1033127010, -6826940)
Mar 12 08:28:12 localhost kernel: ata2.00: ATAPI: QEMU DVD-ROM, 2.5+, max UDMA/100
Mar 12 08:28:12 localhost kernel: registered taskstats version 1
Mar 12 08:28:12 localhost kernel: Loading compiled-in X.509 certificates
Mar 12 08:28:12 localhost kernel: scsi 2:0:0:0: CD-ROM            QEMU     QEMU DVD-ROM     2.5+ PQ: 0 ANSI: 5
Mar 12 08:28:12 localhost kernel: Loaded X.509 cert 'Build time autogenerated kernel key: e0bedf6fa049a1e09bd65ebab3904f14cdd5bc68'
Mar 12 08:28:12 localhost kernel: Loaded X.509 cert 'Canonical Ltd. Live Patch Signing: 14df34d1a87cf37625abec039ef2bf521249b969'
Mar 12 08:28:12 localhost kernel: Loaded X.509 cert 'Canonical Ltd. Kernel Module Signing: 88f752e560a1e0737e31163a466ad7b70a850c19'
Mar 12 08:28:12 localhost kernel: blacklist: Loading compiled-in revocation X.509 certificates
Mar 12 08:28:12 localhost kernel: Loaded X.509 cert 'Canonical Ltd. Secure Boot Signing: 61482aa2830d0ab2ad5af10b7250da9033ddcef0'
Mar 12 08:28:12 localhost kernel: Loaded X.509 cert 'Canonical Ltd. Secure Boot Signing (2017): 242ade75ac4a15e50d50c84b0d45ff3eae707a03'
Mar 12 08:28:12 localhost kernel: Loaded X.509 cert 'Canonical Ltd. Secure Boot Signing (ESM 2018): 365188c1d374d6b07c3c8f240f8ef722433d6a8b'
Mar 12 08:28:12 localhost kernel: Loaded X.509 cert 'Canonical Ltd. Secure Boot Signing (2019): c0746fd6c5da3ae827864651ad66ae47fe24b3e8'
Mar 12 08:28:12 localhost kernel: Loaded X.509 cert 'Canonical Ltd. Secure Boot Signing (2021 v1): a8d54bbb3825cfb94fa13c9f8a594a195c107b8d'
Mar 12 08:28:12 localhost kernel: Loaded X.509 cert 'Canonical Ltd. Secure Boot Signing (2021 v2): 4cf046892d6fd3c9a5b03f98d845f90851dc6a8c'
Mar 12 08:28:12 localhost kernel: Loaded X.509 cert 'Canonical Ltd. Secure Boot Signing (2021 v3): 100437bb6de6e469b581e61cd66bce3ef4ed53af'
Mar 12 08:28:12 localhost kernel: Loaded X.509 cert 'Canonical Ltd. Secure Boot Signing (Ubuntu Core 2019): c1d57b8f6b743f23ee41f4f7ee292f06eecadfb9'
Mar 12 08:28:12 localhost kernel: sr 2:0:0:0: [sr0] scsi3-mmc drive: 4x/4x cd/rw xa/form2 tray
Mar 12 08:28:12 localhost kernel: cdrom: Uniform CD-ROM driver Revision: 3.20
Mar 12 08:28:12 localhost kernel: Key type .fscrypt registered
Mar 12 08:28:12 localhost kernel: Key type fscrypt-provisioning registered
Mar 12 08:28:12 localhost kernel: sr 2:0:0:0: Attached scsi CD-ROM sr0
Mar 12 08:28:12 localhost kernel: sr 2:0:0:0: Attached scsi generic sg1 type 5
Mar 12 08:28:12 localhost kernel: cryptd: max_cpu_qlen set to 1000
Mar 12 08:28:12 localhost kernel: usb 1-1: new full-speed USB device number 2 using uhci_hcd
Mar 12 08:28:12 localhost kernel: SSE version of gcm_enc/dec engaged.
Mar 12 08:28:12 localhost kernel: Key type encrypted registered
Mar 12 08:28:12 localhost kernel: AppArmor: AppArmor sha256 policy hashing enabled
Mar 12 08:28:12 localhost kernel: ima: No TPM chip found, activating TPM-bypass!
Mar 12 08:28:12 localhost kernel: Loading compiled-in module X.509 certificates
Mar 12 08:28:12 localhost kernel: Loaded X.509 cert 'Build time autogenerated kernel key: e0bedf6fa049a1e09bd65ebab3904f14cdd5bc68'
Mar 12 08:28:12 localhost kernel: ima: Allocated hash algorithm: sha256
Mar 12 08:28:12 localhost kernel: ima: No architecture policies found
Mar 12 08:28:12 localhost kernel: evm: Initialising EVM extended attributes:
Mar 12 08:28:12 localhost kernel: evm: security.selinux
Mar 12 08:28:12 localhost kernel: evm: security.SMACK64
Mar 12 08:28:12 localhost kernel: evm: security.SMACK64EXEC
Mar 12 08:28:12 localhost kernel: evm: security.SMACK64TRANSMUTE
Mar 12 08:28:12 localhost kernel: evm: security.SMACK64MMAP
Mar 12 08:28:12 localhost kernel: evm: security.apparmor
Mar 12 08:28:12 localhost kernel: evm: security.ima
Mar 12 08:28:12 localhost kernel: evm: security.capability
Mar 12 08:28:12 localhost kernel: evm: HMAC attrs: 0x1
Mar 12 08:28:12 localhost kernel: PM:   Magic number: 2:655:472
Mar 12 08:28:12 localhost kernel: acpi LNXSYSTM:00: hash matches
Mar 12 08:28:12 localhost kernel: powernow_k8: Power state transitions not supported
Mar 12 08:28:12 localhost kernel: powernow_k8: Power state transitions not supported
Mar 12 08:28:12 localhost kernel: RAS: Correctable Errors collector initialized.
Mar 12 08:28:12 localhost kernel: clk: Disabling unused clocks
Mar 12 08:28:12 localhost kernel: Freeing unused decrypted memory: 2028K
Mar 12 08:28:12 localhost kernel: Freeing unused kernel image (initmem) memory: 4988K
Mar 12 08:28:12 localhost kernel: Write protecting the kernel read-only data: 38912k
Mar 12 08:28:12 localhost kernel: Freeing unused kernel image (rodata/data gap) memory: 2040K
Mar 12 08:28:12 localhost kernel: x86/mm: Checked W+X mappings: passed, no W+X pages found.
Mar 12 08:28:12 localhost kernel: usb 1-1: New USB device found, idVendor=0627, idProduct=0001, bcdDevice= 0.00
Mar 12 08:28:12 localhost kernel: Run /init as init process
Mar 12 08:28:12 localhost kernel:   with arguments:
Mar 12 08:28:12 localhost kernel:     /init
Mar 12 08:28:12 localhost kernel:   with environment:
Mar 12 08:28:12 localhost kernel:     HOME=/
Mar 12 08:28:12 localhost kernel:     TERM=linux
Mar 12 08:28:12 localhost kernel:     BOOT_IMAGE=/vmlinuz-6.8.0-55-generic
Mar 12 08:28:12 localhost kernel: usb 1-1: New USB device strings: Mfr=1, Product=3, SerialNumber=10
Mar 12 08:28:12 localhost kernel: usb 1-1: Product: QEMU USB Tablet
Mar 12 08:28:12 localhost kernel: usb 1-1: Manufacturer: QEMU
Mar 12 08:28:12 localhost kernel: usb 1-1: SerialNumber: 28754-0000:00:01.2-1
Mar 12 08:28:12 localhost kernel: virtio_net virtio2 ens18: renamed from eth0
Mar 12 08:28:12 localhost kernel: FDC 0 is a S82078B
Mar 12 08:28:12 localhost kernel: Console: switching to colour dummy device 80x25
Mar 12 08:28:12 localhost kernel: bochs-drm 0000:00:02.0: vgaarb: deactivate vga console
Mar 12 08:28:12 localhost kernel: [drm] Found bochs VGA, ID 0xb0c5.
Mar 12 08:28:12 localhost kernel: [drm] Framebuffer size 16384 kB @ 0xfd000000, mmio @ 0xfea50000.
Mar 12 08:28:12 localhost kernel: [drm] Found EDID data blob.
Mar 12 08:28:12 localhost kernel: [drm] Initialized bochs-drm 1.0.0 20130925 for 0000:00:02.0 on minor 0
Mar 12 08:28:12 localhost kernel: hid: raw HID events driver (C) Jiri Kosina
Mar 12 08:28:12 localhost kernel: input: VirtualPS/2 VMware VMMouse as /devices/platform/i8042/serio1/input/input4
Mar 12 08:28:12 localhost kernel: input: VirtualPS/2 VMware VMMouse as /devices/platform/i8042/serio1/input/input3
Mar 12 08:28:12 localhost kernel: fbcon: bochs-drmdrmfb (fb0) is primary device
Mar 12 08:28:12 localhost kernel: usbcore: registered new interface driver usbhid
Mar 12 08:28:12 localhost kernel: usbhid: USB HID core driver
Mar 12 08:28:12 localhost kernel: input: QEMU QEMU USB Tablet as /devices/pci0000:00/0000:00:01.2/usb1/1-1/1-1:1.0/0003:0627:0001.0001/input/input5
Mar 12 08:28:12 localhost kernel: hid-generic 0003:0627:0001.0001: input,hidraw0: USB HID v0.01 Mouse [QEMU QEMU USB Tablet] on usb-0000:00:01.2-1/input0
Mar 12 08:28:12 localhost kernel: Console: switching to colour frame buffer device 160x50
Mar 12 08:28:12 localhost kernel: bochs-drm 0000:00:02.0: [drm] fb0: bochs-drmdrmfb frame buffer device
Mar 12 08:28:12 localhost kernel: random: crng init done
Mar 12 08:28:12 localhost kernel: raid6: sse2x4   gen() 16974 MB/s
Mar 12 08:28:12 localhost kernel: raid6: sse2x2   gen()  5471 MB/s
Mar 12 08:28:12 localhost kernel: raid6: sse2x1   gen()  1217 MB/s
Mar 12 08:28:12 localhost kernel: raid6: using algorithm sse2x4 gen() 16974 MB/s
Mar 12 08:28:12 localhost kernel: raid6: .... xor() 2953 MB/s, rmw enabled
Mar 12 08:28:12 localhost kernel: raid6: using ssse3x2 recovery algorithm
Mar 12 08:28:12 localhost kernel: xor: measuring software checksum speed
Mar 12 08:28:12 localhost kernel:    prefetch64-sse  : 31720 MB/sec
Mar 12 08:28:12 localhost kernel:    generic_sse     : 19712 MB/sec
Mar 12 08:28:12 localhost kernel: xor: using function: prefetch64-sse (31720 MB/sec)
Mar 12 08:28:12 localhost kernel: async_tx: api initialized (async)
Mar 12 08:28:12 localhost kernel: Btrfs loaded, zoned=yes, fsverity=yes
Mar 12 08:28:12 localhost kernel: workqueue: drm_fb_helper_damage_work hogged CPU for >10000us 4 times, consider switching to WQ_UNBOUND
Mar 12 08:28:12 localhost kernel: EXT4-fs (dm-0): mounted filesystem 78dfc1ab-05ce-40b9-a2f8-2f3e03168145 ro with ordered data mode. Quota mode: none.
Mar 12 08:28:12 localhost kernel: workqueue: drm_fb_helper_damage_work hogged CPU for >10000us 8 times, consider switching to WQ_UNBOUND
Mar 12 08:28:12 localhost systemd[1]: Inserted module 'autofs4'
Mar 12 08:28:12 localhost systemd[1]: systemd 255.4-1ubuntu8.5 running in system mode (+PAM +AUDIT +SELINUX +APPARMOR +IMA +SMACK +SECCOMP +GCRYPT -GNUTLS +OPENSSL +ACL +BLKID +CURL +ELFUTILS +FIDO2 +IDN2 -IDN +IPTC +KMOD +LIBCRYPTSETUP +LIBFDISK +PCRE2 -PWQUALITY +P11KIT +QRENCODE +TPM2 +BZIP2 +LZ4 +XZ +ZLIB +ZSTD -BPF_FRAMEWORK -XKBCOMMON +UTMP +SYSVINIT default-hierarchy=unified)
Mar 12 08:28:12 localhost systemd[1]: Detected virtualization kvm.
Mar 12 08:28:12 localhost systemd[1]: Detected architecture x86-64.
Mar 12 08:28:12 localhost systemd[1]: No hostname configured, using default hostname.
Mar 12 08:28:12 localhost systemd[1]: Hostname set to <localhost>.
Mar 12 08:28:12 localhost systemd[1]: Queued start job for default target graphical.target.
Mar 12 08:28:12 localhost systemd[1]: Created slice system-modprobe.slice - Slice /system/modprobe.
Mar 12 08:28:12 localhost systemd[1]: Created slice system-systemd\x2dfsck.slice - Slice /system/systemd-fsck.
Mar 12 08:28:12 localhost systemd[1]: Created slice user.slice - User and Session Slice.
Mar 12 08:28:12 localhost systemd[1]: Started systemd-ask-password-wall.path - Forward Password Requests to Wall Directory Watch.
Mar 12 08:28:12 localhost systemd[1]: Set up automount proc-sys-fs-binfmt_misc.automount - Arbitrary Executable File Formats File System Automount Point.
Mar 12 08:28:12 localhost systemd[1]: Expecting device dev-disk-by\x2duuid-c3f8f018\x2df5f7\x2d4a5d\x2d92a1\x2d12ee87108672.device - /dev/disk/by-uuid/c3f8f018-f5f7-4a5d-92a1-12ee87108672...
Mar 12 08:28:12 localhost systemd[1]: Reached target integritysetup.target - Local Integrity Protected Volumes.
Mar 12 08:28:12 localhost systemd[1]: Reached target slices.target - Slice Units.
Mar 12 08:28:12 localhost systemd[1]: Reached target snapd.mounts-pre.target - Mounting snaps.
Mar 12 08:28:12 localhost systemd[1]: Reached target snapd.mounts.target - Mounted snaps.
Mar 12 08:28:12 localhost systemd[1]: Reached target veritysetup.target - Local Verity Protected Volumes.
Mar 12 08:28:12 localhost systemd[1]: Listening on dm-event.socket - Device-mapper event daemon FIFOs.
Mar 12 08:28:12 localhost systemd[1]: Listening on lvm2-lvmpolld.socket - LVM2 poll daemon socket.
Mar 12 08:28:12 localhost systemd[1]: Listening on multipathd.socket - multipathd control socket.
Mar 12 08:28:12 localhost systemd[1]: Listening on syslog.socket - Syslog Socket.
Mar 12 08:28:12 localhost systemd[1]: Listening on systemd-fsckd.socket - fsck to fsckd communication Socket.
Mar 12 08:28:12 localhost systemd[1]: Listening on systemd-initctl.socket - initctl Compatibility Named Pipe.
Mar 12 08:28:12 localhost systemd[1]: Listening on systemd-journald-dev-log.socket - Journal Socket (/dev/log).
Mar 12 08:28:12 localhost systemd[1]: Listening on systemd-journald.socket - Journal Socket.
Mar 12 08:28:12 localhost systemd[1]: Listening on systemd-networkd.socket - Network Service Netlink Socket.
Mar 12 08:28:12 localhost systemd[1]: systemd-pcrextend.socket - TPM2 PCR Extension (Varlink) was skipped because of an unmet condition check (ConditionSecurity=measured-uki).
Mar 12 08:28:12 localhost systemd[1]: Listening on systemd-udevd-control.socket - udev Control Socket.
Mar 12 08:28:12 localhost systemd[1]: Listening on systemd-udevd-kernel.socket - udev Kernel Socket.
Mar 12 08:28:12 localhost systemd[1]: Mounting dev-hugepages.mount - Huge Pages File System...
Mar 12 08:28:12 localhost systemd[1]: Mounting dev-mqueue.mount - POSIX Message Queue File System...
Mar 12 08:28:12 localhost systemd[1]: Mounting sys-kernel-debug.mount - Kernel Debug File System...
Mar 12 08:28:12 localhost systemd[1]: Mounting sys-kernel-tracing.mount - Kernel Trace File System...
Mar 12 08:28:12 localhost systemd[1]: Starting systemd-journald.service - Journal Service...
Mar 12 08:28:12 localhost systemd[1]: Starting keyboard-setup.service - Set the console keyboard layout...
Mar 12 08:28:12 localhost systemd[1]: Starting kmod-static-nodes.service - Create List of Static Device Nodes...
Mar 12 08:28:12 localhost systemd[1]: Starting lvm2-monitor.service - Monitoring of LVM2 mirrors, snapshots etc. using dmeventd or progress polling...
Mar 12 08:28:12 localhost systemd-journald[307]: Collecting audit messages is disabled.
Mar 12 08:28:12 localhost kernel: workqueue: drm_fb_helper_damage_work hogged CPU for >10000us 16 times, consider switching to WQ_UNBOUND
Mar 12 08:28:12 localhost systemd[1]: Starting modprobe@configfs.service - Load Kernel Module configfs...
Mar 12 08:28:12 localhost systemd[1]: Starting modprobe@dm_mod.service - Load Kernel Module dm_mod...
Mar 12 08:28:12 localhost systemd-journald[307]: Journal started
Mar 12 08:28:12 localhost systemd-journald[307]: Runtime Journal (/run/log/journal/560b026a44d3424ea490d29e1a7e2775) is 4.8M, max 39.1M, 34.2M free.
Mar 12 08:28:12 localhost systemd[1]: Starting modprobe@drm.service - Load Kernel Module drm...
Mar 12 08:28:12 localhost systemd[1]: Starting modprobe@efi_pstore.service - Load Kernel Module efi_pstore...
Mar 12 08:28:12 localhost systemd[1]: Starting modprobe@fuse.service - Load Kernel Module fuse...
Mar 12 08:28:12 localhost systemd[1]: Starting modprobe@loop.service - Load Kernel Module loop...
Mar 12 08:28:12 localhost systemd[1]: netplan-ovs-cleanup.service - OpenVSwitch configuration for cleanup was skipped because of an unmet condition check (ConditionFileIsExecutable=/usr/bin/ovs-vsctl).
Mar 12 08:28:12 localhost systemd[1]: systemd-fsck-root.service - File System Check on Root Device was skipped because of an unmet condition check (ConditionPathExists=!/run/initramfs/fsck-root).
Mar 12 08:28:12 localhost systemd[1]: Starting systemd-modules-load.service - Load Kernel Modules...
Mar 12 08:28:13 localhost systemd[1]: systemd-pcrmachine.service - TPM2 PCR Machine ID Measurement was skipped because of an unmet condition check (ConditionSecurity=measured-uki).
Mar 12 08:28:13 localhost systemd[1]: Starting systemd-remount-fs.service - Remount Root and Kernel File Systems...
Mar 12 08:28:13 localhost systemd[1]: systemd-tpm2-setup-early.service - TPM2 SRK Setup (Early) was skipped because of an unmet condition check (ConditionSecurity=measured-uki).
Mar 12 08:28:13 localhost systemd[1]: Starting systemd-udev-trigger.service - Coldplug All udev Devices...
Mar 12 08:28:13 localhost systemd[1]: Started systemd-journald.service - Journal Service.
Mar 12 08:28:13 localhost systemd[1]: Mounted dev-hugepages.mount - Huge Pages File System.
Mar 12 08:28:13 localhost systemd[1]: Mounted dev-mqueue.mount - POSIX Message Queue File System.
Mar 12 08:28:13 localhost systemd[1]: Mounted sys-kernel-debug.mount - Kernel Debug File System.
Mar 12 08:28:13 localhost systemd[1]: Mounted sys-kernel-tracing.mount - Kernel Trace File System.
Mar 12 08:28:13 localhost systemd[1]: Finished kmod-static-nodes.service - Create List of Static Device Nodes.
Mar 12 08:28:13 localhost systemd[1]: Finished keyboard-setup.service - Set the console keyboard layout.
Mar 12 08:28:13 localhost systemd[1]: modprobe@configfs.service: Deactivated successfully.
Mar 12 08:28:13 localhost systemd[1]: Finished modprobe@configfs.service - Load Kernel Module configfs.
Mar 12 08:28:13 localhost systemd[1]: modprobe@dm_mod.service: Deactivated successfully.
Mar 12 08:28:13 localhost systemd[1]: Finished modprobe@dm_mod.service - Load Kernel Module dm_mod.
Mar 12 08:28:13 localhost systemd[1]: modprobe@drm.service: Deactivated successfully.
Mar 12 08:28:13 localhost systemd[1]: Finished modprobe@drm.service - Load Kernel Module drm.
Mar 12 08:28:13 localhost systemd[1]: modprobe@efi_pstore.service: Deactivated successfully.
Mar 12 08:28:13 localhost systemd[1]: Finished modprobe@efi_pstore.service - Load Kernel Module efi_pstore.
Mar 12 08:28:13 localhost systemd[1]: modprobe@fuse.service: Deactivated successfully.
Mar 12 08:28:13 localhost systemd[1]: Finished modprobe@fuse.service - Load Kernel Module fuse.
Mar 12 08:28:13 localhost systemd[1]: modprobe@loop.service: Deactivated successfully.
Mar 12 08:28:13 localhost systemd[1]: Finished modprobe@loop.service - Load Kernel Module loop.
Mar 12 08:28:13 localhost kernel: EXT4-fs (dm-0): re-mounted 78dfc1ab-05ce-40b9-a2f8-2f3e03168145 r/w. Quota mode: none.
Mar 12 08:28:13 localhost systemd[1]: Mounting sys-fs-fuse-connections.mount - FUSE Control File System...
Mar 12 08:28:13 localhost systemd[1]: Mounting sys-kernel-config.mount - Kernel Configuration File System...
Mar 12 08:28:13 localhost systemd[1]: systemd-repart.service - Repartition Root Disk was skipped because no trigger condition checks were met.
Mar 12 08:28:13 localhost systemd[1]: Starting systemd-tmpfiles-setup-dev-early.service - Create Static Device Nodes in /dev gracefully...
Mar 12 08:28:13 localhost systemd[1]: Finished systemd-remount-fs.service - Remount Root and Kernel File Systems.
Mar 12 08:28:13 localhost systemd[1]: Mounted sys-fs-fuse-connections.mount - FUSE Control File System.
Mar 12 08:28:13 localhost systemd[1]: Mounted sys-kernel-config.mount - Kernel Configuration File System.
Mar 12 08:28:13 localhost systemd-modules-load[327]: Inserted module 'msr'
Mar 12 08:28:13 localhost systemd[1]: Activating swap swap.img.swap - /swap.img...
Mar 12 08:28:13 localhost systemd[1]: Starting multipathd.service - Device-Mapper Multipath Device Controller...
Mar 12 08:28:13 localhost systemd[1]: systemd-hwdb-update.service - Rebuild Hardware Database was skipped because of an unmet condition check (ConditionNeedsUpdate=/etc).
Mar 12 08:28:13 localhost kernel: Adding 3261436k swap on /swap.img.  Priority:-2 extents:7 across:5735424k 
Mar 12 08:28:13 localhost systemd[1]: Starting systemd-journal-flush.service - Flush Journal to Persistent Storage...
Mar 12 08:28:13 localhost systemd[1]: systemd-pstore.service - Platform Persistent Storage Archival was skipped because of an unmet condition check (ConditionDirectoryNotEmpty=/sys/fs/pstore).
Mar 12 08:28:13 localhost systemd[1]: Starting systemd-random-seed.service - Load/Save OS Random Seed...
Mar 12 08:28:13 localhost systemd[1]: systemd-tpm2-setup.service - TPM2 SRK Setup was skipped because of an unmet condition check (ConditionSecurity=measured-uki).
Mar 12 08:28:13 localhost systemd[1]: Activated swap swap.img.swap - /swap.img.
Mar 12 08:28:13 localhost systemd[1]: Reached target swap.target - Swaps.
Mar 12 08:28:13 localhost systemd-journald[307]: Time spent on flushing to /var/log/journal/560b026a44d3424ea490d29e1a7e2775 is 5.048385s for 774 entries.
Mar 12 08:28:13 localhost systemd-journald[307]: System Journal (/var/log/journal/560b026a44d3424ea490d29e1a7e2775) is 29.3M, max 1.4G, 1.4G free.
Mar 12 08:28:27 localhost systemd-journald[307]: Received client request to flush runtime journal.
Mar 12 08:28:27 localhost kernel: workqueue: drm_fb_helper_damage_work hogged CPU for >10000us 32 times, consider switching to WQ_UNBOUND
Mar 12 08:28:27 localhost kernel: piix4_smbus 0000:00:01.3: SMBus Host Controller at 0x700, revision 0
Mar 12 08:28:27 localhost systemd-journald[307]: /var/log/journal/560b026a44d3424ea490d29e1a7e2775/system.journal: Journal file uses a different sequence number ID, rotating.
Mar 12 08:28:27 localhost systemd-journald[307]: Rotating system journal.
Mar 12 08:28:27 localhost kernel: EXT4-fs (sda2): mounted filesystem c3f8f018-f5f7-4a5d-92a1-12ee87108672 r/w with ordered data mode. Quota mode: none.
Mar 12 08:28:27 localhost kernel: cfg80211: Loading compiled-in X.509 certificates for regulatory database
Mar 12 08:28:27 localhost kernel: Loaded X.509 cert 'sforshee: 00b28ddf47aef9cea7'
Mar 12 08:28:27 localhost kernel: Loaded X.509 cert 'wens: 61c038651aabdcf94bd0ac7ff06c7248db18c600'
Mar 12 08:28:27 localhost kernel: audit: type=1400 audit(1773304103.800:2): apparmor="STATUS" operation="profile_load" profile="unconfined" name="Discord" pid=545 comm="apparmor_parser"
Mar 12 08:28:27 localhost kernel: audit: type=1400 audit(1773304103.800:3): apparmor="STATUS" operation="profile_load" profile="unconfined" name="1password" pid=544 comm="apparmor_parser"
Mar 12 08:28:27 localhost kernel: audit: type=1400 audit(1773304103.801:4): apparmor="STATUS" operation="profile_load" profile="unconfined" name=4D6F6E676F444220436F6D70617373 pid=546 comm="apparmor_parser"
Mar 12 08:28:27 localhost kernel: audit: type=1400 audit(1773304103.801:5): apparmor="STATUS" operation="profile_load" profile="unconfined" name="QtWebEngineProcess" pid=547 comm="apparmor_parser"
Mar 12 08:28:27 localhost kernel: audit: type=1400 audit(1773304103.802:6): apparmor="STATUS" operation="profile_load" profile="unconfined" name="balena-etcher" pid=548 comm="apparmor_parser"
Mar 12 08:28:27 localhost kernel: audit: type=1400 audit(1773304103.802:7): apparmor="STATUS" operation="profile_load" profile="unconfined" name="brave" pid=549 comm="apparmor_parser"
Mar 12 08:28:27 localhost kernel: audit: type=1400 audit(1773304103.803:8): apparmor="STATUS" operation="profile_load" profile="unconfined" name="busybox" pid=551 comm="apparmor_parser"
Mar 12 08:28:27 localhost kernel: audit: type=1400 audit(1773304103.803:9): apparmor="STATUS" operation="profile_load" profile="unconfined" name="buildah" pid=550 comm="apparmor_parser"
Mar 12 08:28:27 localhost kernel: audit: type=1400 audit(1773304103.804:10): apparmor="STATUS" operation="profile_load" profile="unconfined" name="cam" pid=552 comm="apparmor_parser"
Mar 12 08:28:27 localhost kernel: audit: type=1400 audit(1773304103.804:11): apparmor="STATUS" operation="profile_load" profile="unconfined" name="ch-checkns" pid=553 comm="apparmor_parser"
Mar 12 08:28:13 localhost systemd[1]: Finished systemd-modules-load.service - Load Kernel Modules.
Mar 12 08:28:27 localhost lvm[310]:   1 logical volume(s) in volume group "ubuntu-vg" monitored
Mar 12 08:28:13 localhost systemd[1]: Starting systemd-sysctl.service - Apply Kernel Variables...
Mar 12 08:28:27 localhost multipathd[358]: multipathd v0.9.4: start up
Mar 12 08:28:27 localhost multipathd[358]: reconfigure: setting up paths and maps
Mar 12 08:28:13 localhost systemd[1]: Finished systemd-tmpfiles-setup-dev-early.service - Create Static Device Nodes in /dev gracefully.
Mar 12 08:28:13 localhost systemd[1]: systemd-sysusers.service - Create System Users was skipped because no trigger condition checks were met.
Mar 12 08:28:13 localhost systemd[1]: Starting systemd-tmpfiles-setup-dev.service - Create Static Device Nodes in /dev...
Mar 12 08:28:13 localhost systemd[1]: Finished systemd-tmpfiles-setup-dev.service - Create Static Device Nodes in /dev.
Mar 12 08:28:13 localhost systemd[1]: Starting systemd-udevd.service - Rule-based Manager for Device Events and Files...
Mar 12 08:28:14 localhost systemd[1]: Finished systemd-udev-trigger.service - Coldplug All udev Devices.
Mar 12 08:28:14 localhost systemd-udevd[366]: Using default interface naming scheme 'v255'.
Mar 12 08:28:14 localhost systemd[1]: Finished systemd-sysctl.service - Apply Kernel Variables.
Mar 12 08:28:27 localhost systemd-fsck[512]: /dev/sda2: clean, 317/131072 files, 50706/524288 blocks
Mar 12 08:28:14 localhost systemd[1]: Finished lvm2-monitor.service - Monitoring of LVM2 mirrors, snapshots etc. using dmeventd or progress polling.
Mar 12 08:28:15 localhost systemd[1]: Finished systemd-random-seed.service - Load/Save OS Random Seed.
Mar 12 08:28:27 localhost apparmor.systemd[521]: Restarting AppArmor
Mar 12 08:28:27 localhost apparmor.systemd[521]: Reloading AppArmor profiles
Mar 12 08:28:15 localhost systemd[1]: Started multipathd.service - Device-Mapper Multipath Device Controller.
Mar 12 08:28:15 localhost systemd[1]: Reached target local-fs-pre.target - Preparation for Local File Systems.
Mar 12 08:28:15 localhost systemd[1]: Started systemd-udevd.service - Rule-based Manager for Device Events and Files.
Mar 12 08:28:15 localhost systemd[1]: plymouth-start.service - Show Plymouth Boot Screen was skipped because of an unmet condition check (ConditionKernelCommandLine=splash).
Mar 12 08:28:15 localhost systemd[1]: Started systemd-ask-password-console.path - Dispatch Password Requests to Console Directory Watch.
Mar 12 08:28:15 localhost systemd[1]: systemd-ask-password-plymouth.path - Forward Password Requests to Plymouth Directory Watch was skipped because of an unmet condition check (ConditionPathExists=/run/plymouth/pid).
Mar 12 08:28:15 localhost systemd[1]: Reached target cryptsetup.target - Local Encrypted Volumes.
Mar 12 08:28:16 localhost systemd[1]: Condition check resulted in dev-vport1p1.device - /dev/vport1p1 being skipped.
Mar 12 08:28:16 localhost systemd[1]: Condition check resulted in dev-virtio\x2dports-org.qemu.guest_agent.0.device - /dev/virtio-ports/org.qemu.guest_agent.0 being skipped.
Mar 12 08:28:27 localhost snapd-apparmor[647]: main.go:143: No profiles to load
Mar 12 08:28:16 localhost systemd[1]: Listening on systemd-rfkill.socket - Load/Save RF Kill Switch Status /dev/rfkill Watch.
Mar 12 08:28:16 localhost systemd[1]: Starting modprobe@dm_mod.service - Load Kernel Module dm_mod...
Mar 12 08:28:16 localhost systemd[1]: Starting modprobe@efi_pstore.service - Load Kernel Module efi_pstore...
Mar 12 08:28:16 localhost systemd[1]: Starting modprobe@loop.service - Load Kernel Module loop...
Mar 12 08:28:16 localhost systemd[1]: netplan-ovs-cleanup.service - OpenVSwitch configuration for cleanup was skipped because of an unmet condition check (ConditionFileIsExecutable=/usr/bin/ovs-vsctl).
Mar 12 08:28:16 localhost systemd[1]: plymouth-start.service - Show Plymouth Boot Screen was skipped because of an unmet condition check (ConditionKernelCommandLine=splash).
Mar 12 08:28:16 localhost systemd[1]: systemd-ask-password-plymouth.path - Forward Password Requests to Plymouth Directory Watch was skipped because of an unmet condition check (ConditionPathExists=/run/plymouth/pid).
Mar 12 08:28:16 localhost systemd[1]: systemd-fsck-root.service - File System Check on Root Device was skipped because of an unmet condition check (ConditionPathExists=!/run/initramfs/fsck-root).
Mar 12 08:28:16 localhost systemd[1]: systemd-hwdb-update.service - Rebuild Hardware Database was skipped because of an unmet condition check (ConditionNeedsUpdate=/etc).
Mar 12 08:28:16 localhost systemd[1]: systemd-pcrmachine.service - TPM2 PCR Machine ID Measurement was skipped because of an unmet condition check (ConditionSecurity=measured-uki).
Mar 12 08:28:16 localhost systemd[1]: systemd-sysusers.service - Create System Users was skipped because no trigger condition checks were met.
Mar 12 08:28:16 localhost systemd[1]: systemd-tpm2-setup-early.service - TPM2 SRK Setup (Early) was skipped because of an unmet condition check (ConditionSecurity=measured-uki).
Mar 12 08:28:16 localhost systemd[1]: systemd-tpm2-setup.service - TPM2 SRK Setup was skipped because of an unmet condition check (ConditionSecurity=measured-uki).
Mar 12 08:28:16 localhost systemd[1]: modprobe@dm_mod.service: Deactivated successfully.
Mar 12 08:28:16 localhost systemd[1]: Finished modprobe@dm_mod.service - Load Kernel Module dm_mod.
Mar 12 08:28:16 localhost systemd[1]: modprobe@efi_pstore.service: Deactivated successfully.
Mar 12 08:28:16 localhost systemd[1]: Finished modprobe@efi_pstore.service - Load Kernel Module efi_pstore.
Mar 12 08:28:16 localhost systemd[1]: systemd-pstore.service - Platform Persistent Storage Archival was skipped because of an unmet condition check (ConditionDirectoryNotEmpty=/sys/fs/pstore).
Mar 12 08:28:16 localhost systemd[1]: modprobe@loop.service: Deactivated successfully.
Mar 12 08:28:16 localhost systemd[1]: Finished modprobe@loop.service - Load Kernel Module loop.
Mar 12 08:28:16 localhost systemd[1]: systemd-repart.service - Repartition Root Disk was skipped because no trigger condition checks were met.
Mar 12 08:28:17 localhost (udev-worker)[386]: dm-0: Process '/usr/bin/unshare -m /usr/bin/snap auto-import --mount=/dev/dm-0' failed with exit code 1.
Mar 12 08:28:17 localhost (udev-worker)[390]: sr0: Process '/usr/bin/unshare -m /usr/bin/snap auto-import --mount=/dev/sr0' failed with exit code 1.
Mar 12 08:28:17 localhost (udev-worker)[391]: sda: Process '/usr/bin/unshare -m /usr/bin/snap auto-import --mount=/dev/sda' failed with exit code 1.
Mar 12 08:28:17 localhost lvm[504]: PV /dev/sda3 online, VG ubuntu-vg is complete.
Mar 12 08:28:17 localhost lvm[504]: VG ubuntu-vg finished
Mar 12 08:28:17 localhost (udev-worker)[391]: sda3: Process '/usr/bin/unshare -m /usr/bin/snap auto-import --mount=/dev/sda3' failed with exit code 1.
Mar 12 08:28:18 localhost (udev-worker)[385]: sda2: Process '/usr/bin/unshare -m /usr/bin/snap auto-import --mount=/dev/sda2' failed with exit code 1.
Mar 12 08:28:18 localhost systemd[1]: Found device dev-disk-by\x2duuid-c3f8f018\x2df5f7\x2d4a5d\x2d92a1\x2d12ee87108672.device - QEMU_HARDDISK 2.
Mar 12 08:28:18 localhost systemd[1]: Starting systemd-fsck@dev-disk-by\x2duuid-c3f8f018\x2df5f7\x2d4a5d\x2d92a1\x2d12ee87108672.service - File System Check on /dev/disk/by-uuid/c3f8f018-f5f7-4a5d-92a1-12ee87108672...
Mar 12 08:28:19 localhost systemd[1]: Started systemd-fsckd.service - File System Check Daemon to report status.
Mar 12 08:28:19 localhost (udev-worker)[390]: sda1: Process '/usr/bin/unshare -m /usr/bin/snap auto-import --mount=/dev/sda1' failed with exit code 1.
Mar 12 08:28:21 localhost systemd[1]: Finished systemd-fsck@dev-disk-by\x2duuid-c3f8f018\x2df5f7\x2d4a5d\x2d92a1\x2d12ee87108672.service - File System Check on /dev/disk/by-uuid/c3f8f018-f5f7-4a5d-92a1-12ee87108672.
Mar 12 08:28:21 localhost systemd[1]: Mounting boot.mount - /boot...
Mar 12 08:28:23 localhost systemd[1]: Mounted boot.mount - /boot.
Mar 12 08:28:23 localhost systemd[1]: Reached target local-fs.target - Local File Systems.
Mar 12 08:28:23 localhost systemd[1]: Listening on systemd-sysext.socket - System Extension Image Management (Varlink).
Mar 12 08:28:23 localhost systemd[1]: Starting apparmor.service - Load AppArmor profiles...
Mar 12 08:28:23 localhost systemd[1]: Starting console-setup.service - Set console font and keymap...
Mar 12 08:28:23 localhost systemd[1]: Starting finalrd.service - Create final runtime dir for shutdown pivot root...
Mar 12 08:28:23 localhost systemd[1]: ldconfig.service - Rebuild Dynamic Linker Cache was skipped because no trigger condition checks were met.
Mar 12 08:28:23 localhost systemd[1]: Starting plymouth-read-write.service - Tell Plymouth To Write Out Runtime Data...
Mar 12 08:28:23 localhost systemd[1]: Starting systemd-binfmt.service - Set Up Additional Binary Formats...
Mar 12 08:28:23 localhost systemd[1]: Starting ufw.service - Uncomplicated firewall...
Mar 12 08:28:23 localhost systemd[1]: Finished console-setup.service - Set console font and keymap.
Mar 12 08:28:23 localhost systemd[1]: Finished finalrd.service - Create final runtime dir for shutdown pivot root.
Mar 12 08:28:23 localhost systemd[1]: Finished ufw.service - Uncomplicated firewall.
Mar 12 08:28:23 localhost systemd[1]: Reached target network-pre.target - Preparation for Network.
Mar 12 08:28:23 localhost systemd[1]: Starting systemd-networkd.service - Network Configuration...
Mar 12 08:28:23 localhost systemd[1]: proc-sys-fs-binfmt_misc.automount: Got automount request for /proc/sys/fs/binfmt_misc, triggered by 527 (systemd-binfmt)
Mar 12 08:28:23 localhost systemd[1]: Mounting proc-sys-fs-binfmt_misc.mount - Arbitrary Executable File Formats File System...
Mar 12 08:28:23 localhost systemd[1]: Mounted proc-sys-fs-binfmt_misc.mount - Arbitrary Executable File Formats File System.
Mar 12 08:28:23 localhost systemd[1]: Finished systemd-binfmt.service - Set Up Additional Binary Formats.
Mar 12 08:28:23 localhost systemd-networkd[530]: lo: Link UP
Mar 12 08:28:23 localhost systemd-networkd[530]: lo: Gained carrier
Mar 12 08:28:23 localhost systemd-networkd[530]: Enumeration completed
Mar 12 08:28:23 localhost systemd[1]: Started systemd-networkd.service - Network Configuration.
Mar 12 08:28:23 localhost systemd-networkd[530]: ens18: Configuring with /run/systemd/network/10-netplan-ens18.network.
Mar 12 08:28:23 localhost systemd-networkd[530]: ens18: Link UP
Mar 12 08:28:23 localhost systemd-networkd[530]: ens18: Gained carrier
Mar 12 08:28:23 localhost systemd[1]: Starting systemd-networkd-wait-online.service - Wait for Network to be Configured...
Mar 12 08:28:23 localhost systemd-networkd[530]: ens18: DHCPv4 address 172.16.9.201/23, gateway 172.16.8.1 acquired from 172.16.8.1
Mar 12 08:28:23 localhost systemd[1]: Finished plymouth-read-write.service - Tell Plymouth To Write Out Runtime Data.
Mar 12 08:28:24 localhost systemd[1]: Finished apparmor.service - Load AppArmor profiles.
Mar 12 08:28:24 localhost systemd[1]: Starting snapd.apparmor.service - Load AppArmor profiles managed internally by snapd...
Mar 12 08:28:24 localhost systemd[1]: Finished snapd.apparmor.service - Load AppArmor profiles managed internally by snapd.
Mar 12 08:28:24 localhost systemd-networkd[530]: ens18: Gained IPv6LL
Mar 12 08:28:24 localhost systemd[1]: Finished systemd-networkd-wait-online.service - Wait for Network to be Configured.
Mar 12 08:28:27 localhost systemd[1]: Finished systemd-journal-flush.service - Flush Journal to Persistent Storage.
Mar 12 08:28:27 localhost systemd[1]: Starting systemd-tmpfiles-setup.service - Create Volatile Files and Directories...
Mar 12 08:28:28 localhost systemd[1]: Finished systemd-tmpfiles-setup.service - Create Volatile Files and Directories.
Mar 12 08:28:28 localhost systemd[1]: systemd-firstboot.service - First Boot Wizard was skipped because of an unmet condition check (ConditionFirstBoot=yes).
Mar 12 08:28:28 localhost systemd[1]: first-boot-complete.target - First Boot Complete was skipped because of an unmet condition check (ConditionFirstBoot=yes).
Mar 12 08:28:28 localhost systemd[1]: systemd-journal-catalog-update.service - Rebuild Journal Catalog was skipped because of an unmet condition check (ConditionNeedsUpdate=/var).
Mar 12 08:28:28 localhost systemd[1]: systemd-machine-id-commit.service - Commit a transient machine-id on disk was skipped because of an unmet condition check (ConditionPathIsMountPoint=/etc/machine-id).
Mar 12 08:28:28 localhost systemd[1]: Starting systemd-resolved.service - Network Name Resolution...
Mar 12 08:28:28 localhost systemd[1]: Starting systemd-timesyncd.service - Network Time Synchronization...
Mar 12 08:28:28 localhost systemd[1]: systemd-update-done.service - Update is Completed was skipped because no trigger condition checks were met.
Mar 12 08:28:28 localhost systemd[1]: Starting systemd-update-utmp.service - Record System Boot/Shutdown in UTMP...
Mar 12 08:28:28 localhost systemd[1]: vgauth.service - Authentication service for virtual machines hosted on VMware was skipped because of an unmet condition check (ConditionVirtualization=vmware).
Mar 12 08:28:28 localhost systemd[1]: open-vm-tools.service - Service for virtual machines hosted on VMware was skipped because of an unmet condition check (ConditionVirtualization=vmware).
Mar 12 08:28:28 localhost systemd[1]: Started systemd-timesyncd.service - Network Time Synchronization.
Mar 12 08:28:28 localhost systemd[1]: Reached target time-set.target - System Time Set.
Mar 12 08:28:28 localhost systemd[1]: Finished systemd-update-utmp.service - Record System Boot/Shutdown in UTMP.
Mar 12 08:28:28 localhost systemd-resolved[678]: Positive Trust Anchors:
Mar 12 08:28:28 localhost systemd-resolved[678]: . IN DS 20326 8 2 e06d44b80b8f1d39a95c0b0d7c65d08458e880409bbc683457104237c7f8ec8d
Mar 12 08:28:28 localhost systemd-resolved[678]: Negative trust anchors: home.arpa 10.in-addr.arpa 16.172.in-addr.arpa 17.172.in-addr.arpa 18.172.in-addr.arpa 19.172.in-addr.arpa 20.172.in-addr.arpa 21.172.in-addr.arpa 22.172.in-addr.arpa 23.172.in-addr.arpa 24.172.in-addr.arpa 25.172.in-addr.arpa 26.172.in-addr.arpa 27.172.in-addr.arpa 28.172.in-addr.arpa 29.172.in-addr.arpa 30.172.in-addr.arpa 31.172.in-addr.arpa 170.0.0.192.in-addr.arpa 171.0.0.192.in-addr.arpa 168.192.in-addr.arpa d.f.ip6.arpa ipv4only.arpa corp home internal intranet lan local private test
Mar 12 08:28:28 localhost systemd-resolved[678]: Defaulting to hostname 'linux'.
Mar 12 08:28:28 localhost systemd[1]: Started systemd-resolved.service - Network Name Resolution.
Mar 12 08:28:28 localhost systemd[1]: Reached target network.target - Network.
Mar 12 08:28:28 localhost systemd[1]: Reached target network-online.target - Network is Online.
Mar 12 08:28:28 localhost systemd[1]: Reached target nss-lookup.target - Host and Network Name Lookups.
Mar 12 08:28:28 localhost systemd[1]: Reached target sysinit.target - System Initialization.
Mar 12 08:28:28 localhost systemd[1]: apport-autoreport.path - Process error reports when automatic reporting is enabled (file watch) was skipped because of an unmet condition check (ConditionPathExists=/var/lib/apport/autoreport).
Mar 12 08:28:28 localhost systemd[1]: tpm-udev.path - Handle dynamically added tpm devices was skipped because of an unmet condition check (ConditionVirtualization=container).
Mar 12 08:28:28 localhost systemd[1]: apport-autoreport.timer - Process error reports when automatic reporting is enabled (timer based) was skipped because of an unmet condition check (ConditionPathExists=/var/lib/apport/autoreport).
Mar 12 08:28:28 localhost systemd[1]: Started apt-daily.timer - Daily apt download activities.
Mar 12 08:28:28 localhost systemd[1]: Started apt-daily-upgrade.timer - Daily apt upgrade and clean activities.
Mar 12 08:28:28 localhost systemd[1]: Started dpkg-db-backup.timer - Daily dpkg database backup timer.
Mar 12 08:28:28 localhost systemd[1]: Started e2scrub_all.timer - Periodic ext4 Online Metadata Check for All Filesystems.
Mar 12 08:28:28 localhost systemd[1]: Started fstrim.timer - Discard unused filesystem blocks once a week.
Mar 12 08:28:28 localhost systemd[1]: Started fwupd-refresh.timer - Refresh fwupd metadata regularly.
Mar 12 08:28:28 localhost systemd[1]: Started logrotate.timer - Daily rotation of log files.
Mar 12 08:28:28 localhost systemd[1]: Started man-db.timer - Daily man-db regeneration.
Mar 12 08:28:28 localhost systemd[1]: Started motd-news.timer - Message of the Day.
Mar 12 08:28:28 localhost systemd[1]: snapd.snap-repair.timer - Timer to automatically fetch and run repair assertions was skipped because no trigger condition checks were met.
Mar 12 08:28:28 localhost systemd[1]: Started sysstat-collect.timer - Run system activity accounting tool every 10 minutes.
Mar 12 08:28:28 localhost systemd[1]: Started sysstat-summary.timer - Generate summary of yesterday's process accounting.
Mar 12 08:28:28 localhost systemd[1]: Started systemd-tmpfiles-clean.timer - Daily Cleanup of Temporary Directories.
Mar 12 08:28:28 localhost systemd[1]: ua-timer.timer - Ubuntu Pro Timer for running repeated jobs was skipped because of an unmet condition check (ConditionPathExists=/var/lib/ubuntu-advantage/private/machine-token.json).
Mar 12 08:28:28 localhost systemd[1]: Started update-notifier-download.timer - Download data for packages that failed at package install time.
Mar 12 08:28:28 localhost systemd[1]: Started update-notifier-motd.timer - Check to see whether there is a new version of Ubuntu available.
Mar 12 08:28:28 localhost systemd[1]: Reached target paths.target - Path Units.
Mar 12 08:28:28 localhost systemd[1]: Reached target timers.target - Timer Units.
Mar 12 08:28:28 localhost systemd[1]: apport-forward.socket - Unix socket for apport crash forwarding was skipped because of an unmet condition check (ConditionVirtualization=container).
Mar 12 08:28:28 localhost systemd[1]: Listening on dbus.socket - D-Bus System Message Bus Socket.
Mar 12 08:28:28 localhost systemd[1]: Listening on iscsid.socket - Open-iSCSI iscsid Socket.
Mar 12 08:28:28 localhost systemd[1]: Starting lxd-installer.socket - Helper to install lxd snap on demand...
Mar 12 08:28:28 localhost systemd[1]: Starting snapd.socket - Socket activation for snappy daemon...
Mar 12 08:28:28 localhost systemd[1]: Listening on ssh.socket - OpenBSD Secure Shell server socket.
Mar 12 08:28:28 localhost systemd[1]: Listening on uuidd.socket - UUID daemon activation socket.
Mar 12 08:28:28 localhost systemd[1]: open-iscsi.service - Login to default iSCSI targets was skipped because no trigger condition checks were met.
Mar 12 08:28:28 localhost systemd[1]: Reached target remote-fs-pre.target - Preparation for Remote File Systems.
Mar 12 08:28:28 localhost systemd[1]: Reached target remote-fs.target - Remote File Systems.
Mar 12 08:28:28 localhost systemd[1]: Finished blk-availability.service - Availability of block devices.
Mar 12 08:28:28 localhost systemd[1]: systemd-pcrphase-sysinit.service - TPM2 PCR Barrier (Initialization) was skipped because of an unmet condition check (ConditionSecurity=measured-uki).
Mar 12 08:28:28 localhost systemd[1]: Listening on lxd-installer.socket - Helper to install lxd snap on demand.
Mar 12 08:28:28 localhost systemd[1]: Listening on snapd.socket - Socket activation for snappy daemon.
Mar 12 08:28:28 localhost systemd[1]: Reached target sockets.target - Socket Units.
Mar 12 08:28:28 localhost systemd[1]: Reached target basic.target - Basic System.
Mar 12 08:28:28 localhost systemd[1]: Starting apport.service - automatic crash report generation...
Mar 12 08:28:28 localhost systemd[1]: Started cron.service - Regular background program processing daemon.
Mar 12 08:28:28 localhost (cron)[688]: cron.service: Referenced but unset environment variable evaluates to an empty string: EXTRA_OPTS
Mar 12 08:28:28 localhost cron[688]: (CRON) INFO (pidfile fd = 3)
Mar 12 08:28:28 localhost systemd[1]: Starting dbus.service - D-Bus System Message Bus...
Mar 12 08:28:28 localhost systemd[1]: Started dmesg.service - Save initial kernel messages after boot.
Mar 12 08:28:28 localhost systemd[1]: Starting e2scrub_reap.service - Remove Stale Online ext4 Metadata Check Snapshots...
Mar 12 08:28:28 localhost systemd[1]: getty-static.service - getty on tty2-tty6 if dbus and logind are not available was skipped because of an unmet condition check (ConditionPathExists=!/usr/bin/dbus-daemon).
Mar 12 08:28:28 localhost cron[688]: (CRON) INFO (Running @reboot jobs)
Mar 12 08:28:28 localhost systemd[1]: Starting grub-common.service - Record successful boot for GRUB...
Mar 12 08:28:28 localhost systemd[1]: networkd-dispatcher.service - Dispatcher daemon for systemd-networkd was skipped because no trigger condition checks were met.
Mar 12 08:28:28 localhost systemd[1]: Starting polkit.service - Authorization Manager...
Mar 12 08:28:29 localhost systemd[1]: pollinate.service - Pollinate to seed the pseudo random number generator was skipped because of an unmet condition check (ConditionPathExists=!/var/cache/pollinate/seeded).
Mar 12 08:28:29 localhost systemd[1]: Started qemu-guest-agent.service - QEMU Guest Agent.
Mar 12 08:28:29 localhost systemd[1]: Starting rsyslog.service - System Logging Service...
Mar 12 08:28:29 localhost systemd[1]: secureboot-db.service - Secure Boot updates for DB and DBX was skipped because of an unmet condition check (ConditionPathExists=/sys/firmware/efi/efivars/db-d719b2cb-3d3a-4596-a3bc-dad00e67656f).
Mar 12 08:28:29 localhost systemd[1]: snapd.core-fixup.service - Automatically repair incorrect owner/permissions on core devices was skipped because no trigger condition checks were met.
Mar 12 08:28:29 localhost systemd[1]: snapd.recovery-chooser-trigger.service - Wait for the Ubuntu Core chooser trigger was skipped because of an unmet condition check (ConditionKernelCommandLine=snapd_recovery_mode).
Mar 12 08:28:29 localhost systemd[1]: Reached target getty-pre.target - Preparation for Logins.
Mar 12 08:28:29 localhost systemd[1]: Starting snapd.seeded.service - Wait until snapd is fully seeded...
Mar 12 08:28:29 localhost systemd[1]: Starting snapd.service - Snap Daemon...
Mar 12 08:28:29 localhost systemd[1]: Starting sysstat.service - Resets System Activity Logs...
Mar 12 08:28:29 localhost systemd[1]: Starting systemd-logind.service - User Login Management...
Mar 12 08:28:29 localhost systemd[1]: systemd-pcrphase.service - TPM2 PCR Barrier (User) was skipped because of an unmet condition check (ConditionSecurity=measured-uki).
Mar 12 08:28:29 localhost systemd[1]: Starting systemd-user-sessions.service - Permit User Sessions...
Mar 12 08:28:29 localhost systemd[1]: thermald.service - Thermal Daemon Service was skipped because of an unmet condition check (ConditionVirtualization=no).
Mar 12 08:28:29 localhost systemd[1]: ua-reboot-cmds.service - Ubuntu Pro reboot cmds was skipped because of an unmet condition check (ConditionPathExists=/var/lib/ubuntu-advantage/private/machine-token.json).
Mar 12 08:28:29 localhost systemd[1]: ubuntu-advantage.service - Ubuntu Pro Background Auto Attach was skipped because no trigger condition checks were met.
Mar 12 08:28:29 localhost systemd[1]: Starting udisks2.service - Disk Manager...
Mar 12 08:28:29 localhost systemd[1]: e2scrub_reap.service: Deactivated successfully.
Mar 12 08:28:29 localhost systemd[1]: Finished e2scrub_reap.service - Remove Stale Online ext4 Metadata Check Snapshots.
Mar 12 08:28:29 localhost systemd[1]: Finished systemd-user-sessions.service - Permit User Sessions.
Mar 12 08:28:29 localhost systemd[1]: Starting plymouth-quit-wait.service - Hold until boot process finishes up...
Mar 12 08:28:29 localhost systemd[1]: Starting plymouth-quit.service - Terminate Plymouth Boot Screen...
Mar 12 08:28:29 localhost systemd[1]: Finished plymouth-quit-wait.service - Hold until boot process finishes up.
Mar 12 08:28:29 localhost systemd[1]: Starting setvtrgb.service - Set console scheme...
Mar 12 08:28:29 localhost systemd[1]: Finished plymouth-quit.service - Terminate Plymouth Boot Screen.
Mar 12 08:28:29 localhost systemd-logind[702]: New seat seat0.
Mar 12 08:28:29 localhost systemd[1]: Finished setvtrgb.service - Set console scheme.
Mar 12 08:28:29 localhost systemd[1]: Created slice system-getty.slice - Slice /system/getty.
Mar 12 08:28:29 localhost systemd-logind[702]: Watching system buttons on /dev/input/event0 (Power Button)
Mar 12 08:28:29 localhost systemd-logind[702]: Watching system buttons on /dev/input/event1 (AT Translated Set 2 keyboard)
Mar 12 08:28:29 localhost kernel: kauditd_printk_skb: 109 callbacks suppressed
Mar 12 08:28:29 localhost kernel: audit: type=1400 audit(1773304109.295:121): apparmor="STATUS" operation="profile_replace" info="same as current profile, skipping" profile="unconfined" name="rsyslogd" pid=717 comm="apparmor_parser"
Mar 12 08:28:29 localhost systemd[1]: Started getty@tty1.service - Getty on tty1.
Mar 12 08:28:29 localhost systemd[1]: Reached target getty.target - Login Prompts.
Mar 12 08:28:29 localhost systemd[1]: Started systemd-logind.service - User Login Management.
Mar 12 08:28:29 localhost systemd[1]: Started unattended-upgrades.service - Unattended Upgrades Shutdown.
Mar 12 08:28:29 localhost dbus-daemon[689]: dbus[689]: Unknown group "power" in message bus configuration file
Mar 12 08:28:29 localhost rsyslogd[720]: imuxsock: Acquired UNIX socket '/run/systemd/journal/syslog' (fd 3) from systemd.  [v8.2312.0]
Mar 12 08:28:29 localhost systemd[1]: Started rsyslog.service - System Logging Service.
Mar 12 08:28:29 localhost rsyslogd[720]: rsyslogd's groupid changed to 104
Mar 12 08:28:29 localhost rsyslogd[720]: rsyslogd's userid changed to 103
Mar 12 08:28:29 localhost rsyslogd[720]: [origin software="rsyslogd" swVersion="8.2312.0" x-pid="720" x-info="https://www.rsyslog.com"] start
Mar 12 08:28:29 localhost polkitd[694]: Started polkitd version 124
Mar 12 08:28:29 localhost systemd[1]: Finished sysstat.service - Resets System Activity Logs.
Mar 12 08:28:29 localhost kernel: workqueue: drm_fb_helper_damage_work hogged CPU for >10000us 64 times, consider switching to WQ_UNBOUND
Mar 12 08:28:29 localhost udisksd[704]: udisks daemon version 2.10.1 starting
Mar 12 08:28:29 localhost dbus-daemon[689]: [system] AppArmor D-Bus mediation is enabled
Mar 12 08:28:29 localhost systemd[1]: Started dbus.service - D-Bus System Message Bus.
Mar 12 08:28:29 localhost dbus-daemon[689]: [system] Activating systemd to hand-off: service name='org.freedesktop.hostname1' unit='dbus-org.freedesktop.hostname1.service' requested by ':1.2' (uid=998 pid=530 comm="/usr/lib/systemd/systemd-networkd" label="unconfined")
Mar 12 08:28:29 localhost dbus-daemon[689]: [system] Successfully activated service 'org.freedesktop.systemd1'
Mar 12 08:28:29 localhost systemd[1]: Starting systemd-hostnamed.service - Hostname Service...
Mar 12 08:28:29 localhost dbus-daemon[689]: [system] Successfully activated service 'org.freedesktop.hostname1'
Mar 12 08:28:29 localhost systemd[1]: Started systemd-hostnamed.service - Hostname Service.
Mar 12 08:28:29 localhost dbus-daemon[689]: [system] Activating via systemd: service name='org.freedesktop.PolicyKit1' unit='polkit.service' requested by ':1.5' (uid=0 pid=734 comm="/usr/lib/systemd/systemd-hostnamed" label="unconfined")
Mar 12 08:28:30 localhost polkitd[694]: Loading rules from directory /etc/polkit-1/rules.d
Mar 12 08:28:30 localhost polkitd[694]: Loading rules from directory /usr/share/polkit-1/rules.d
Mar 12 08:28:30 localhost polkitd[694]: Finished loading, compiling and executing 6 rules
Mar 12 08:28:30 localhost dbus-daemon[689]: [system] Successfully activated service 'org.freedesktop.PolicyKit1'
Mar 12 08:28:30 localhost polkitd[694]: Acquired the name org.freedesktop.PolicyKit1 on the system bus
Mar 12 08:28:30 localhost systemd[1]: Started polkit.service - Authorization Manager.
Mar 12 08:28:30 localhost systemd[1]: Starting ModemManager.service - Modem Manager...
Mar 12 08:28:30 localhost ModemManager[752]: <msg> ModemManager (version 1.23.4) starting in system bus...
Mar 12 08:28:30 localhost systemd[1]: grub-common.service: Deactivated successfully.
Mar 12 08:28:30 localhost systemd[1]: Finished grub-common.service - Record successful boot for GRUB.
Mar 12 08:28:30 localhost systemd[1]: Starting grub-initrd-fallback.service - GRUB failed boot detection...
Mar 12 08:28:31 eltex-practice2-pg2-v1 systemd-hostnamed[734]: Hostname set to <eltex-practice2-pg2-v1> (transient)
